data/master.csv
time,date,itemid,price,discount,price_before_discount,stock,sold,item_status,cmt_count,liked_count,item_name,is_latest
1669604384,20221128,8897653002,9,40%,16,44293,0,normal,9,12,"[in stock]100 Peças Terminais Elétricos Ilhós Tubular Simples Pré Isolado 2,5mm  VE",True
1669600045,20221128,8897653002,9,40%,16,40093,0,normal,9,12,"[in stock]100 Peças Terminais Elétricos Ilhós Tubular Simples Pré Isolado 2,5mm  VE",False
1669514076,20221127,8897653002,9,40%,16,40093,0,normal,9,12,"[in stock]100 Peças Terminais Elétricos Ilhós Tubular Simples Pré Isolado 2,5mm  VE",False
1669427070,20221126,8897653002,9,40%,16,40093,0,normal,9,12,"[in stock]100 Peças Terminais Elétricos Ilhós Tubular Simples Pré Isolado 2,5mm  VE",False
1669380018,20221125,8897653002,9,40%,16,40093,0,normal,9,12,"[in stock]100 Peças Terminais Elétricos Ilhós Tubular Simples Pré Isolado 2,5mm  VE",False
1669350508,20221125,8897653002,9,40%,16,40219,0,normal,9,12,"[in stock]100 Peças Terminais Elétricos Ilhós Tubular Simples Pré Isolado 2,5mm  VE",False
1669003268,20221121,8897653002,9,40%,16,36019,0,normal,9,12,"[in stock]100 Peças Terminais Elétricos Ilhós Tubular Simples Pré Isolado 2,5mm  VE",False
1668994894,20221121,8897653002,9,40%,16,36145,0,normal,9,12,"[in stock]100 Peças Terminais Elétricos Ilhós Tubular Simples Pré Isolado 2,5mm  VE",False
1668908689,20221120,8897653002,9,40%,16,36145,0,normal,9,12,"[in stock]100 Peças Terminais Elétricos Ilhós Tubular Simples Pré Isolado 2,5mm  VE",False
1668821999,20221119,8897653002,9,40%,16,36145,0,normal,9,12,"[in stock]100 Peças Terminais Elétricos Ilhós Tubular Simples Pré Isolado 2,5mm  VE",False
1668814789,20221118,8897653002,16,,0,36145,0,normal,9,12,"[in stock]100 Peças Terminais Elétricos Ilhós Tubular Simples Pré Isolado 2,5mm  VE",False
1668813483,20221118,8897653002,16,,0,36145,0,normal,9,12,"[in stock]100 Peças Terminais Elétricos Ilhós Tubular Simples Pré Isolado 2,5mm  VE",False
1668811287,20221118,8897653002,16,,0,36145,0,normal,9,12,"[in stock]100 Peças Terminais Elétricos Ilhós Tubular Simples Pré Isolado 2,5mm  VE",False
1668809861,20221118,8897653002,16,,0,36145,0,normal,9,12,"[in stock]100 Peças Terminais Elétricos Ilhós Tubular Simples Pré Isolado 2,5mm  VE",False
1668807488,20221118,8897653002,16,,0,36145,0,normal,9,12,"[in stock]100 Peças Terminais Elétricos Ilhós Tubular Simples Pré Isolado 2,5mm  VE",False
1668806159,20221118,8897653002,16,,0,36145,0,normal,9,12,"[in stock]100 Peças Terminais Elétricos Ilhós Tubular Simples Pré Isolado 2,5mm  VE",False
1668804008,20221118,8897653002,16,,0,36145,0,normal,9,12,"[in stock]100 Peças Terminais Elétricos Ilhós Tubular Simples Pré Isolado 2,5mm  VE",False
1668802738,20221118,8897653002,16,,0,36145,0,normal,9,12,"[in stock]100 Peças Terminais Elétricos Ilhós Tubular Simples Pré Isolado 2,5mm  VE",False
1668800237,20221118,8897653002,16,,0,36145,0,normal,9,12,"[in stock]100 Peças Terminais Elétricos Ilhós Tubular Simples Pré Isolado 2,5mm  VE",False
1668798878,20221118,8897653002,16,,0,36145,0,normal,9,12,"[in stock]100 Peças Terminais Elétricos Ilhós Tubular Simples Pré Isolado 2,5mm  VE",False
1668797179,20221118,8897653002,16,,0,36145,0,normal,9,12,"[in stock]100 Peças Terminais Elétricos Ilhós Tubular Simples Pré Isolado 2,5mm  VE",False
1668795839,20221118,8897653002,16,,0,36145,0,normal,9,12,"[in stock]100 Peças Terminais Elétricos Ilhós Tubular Simples Pré Isolado 2,5mm  VE",False
1668793228,20221118,8897653002,16,,0,36145,0,normal,9,12,"[in stock]100 Peças Terminais Elétricos Ilhós Tubular Simples Pré Isolado 2,5mm  VE",False
1668791833,20221118,8897653002,16,,0,36145,0,normal,9,12,"[in stock]100 Peças Terminais Elétricos Ilhós Tubular Simples Pré Isolado 2,5mm  VE",False
1668790364,20221118,8897653002,16,,0,36145,0,normal,9,12,"[in stock]100 Peças Terminais Elétricos Ilhós Tubular Simples Pré Isolado 2,5mm  VE",False
1668788710,20221118,8897653002,16,,0,36145,0,normal,9,12,"[in stock]100 Peças Terminais Elétricos Ilhós Tubular Simples Pré Isolado 2,5mm  VE",False
1668786090,20221118,8897653002,16,,0,36145,0,normal,9,12,"[in stock]100 Peças Terminais Elétricos Ilhós Tubular Simples Pré Isolado 2,5mm  VE",False
1668784713,20221118,8897653002,16,,0,36145,0,normal,9,12,"[in stock]100 Peças Terminais Elétricos Ilhós Tubular Simples Pré Isolado 2,5mm  VE",False
1668782406,20221118,8897653002,16,,0,36145,0,normal,9,12,"[in stock]100 Peças Terminais Elétricos Ilhós Tubular Simples Pré Isolado 2,5mm  VE",False
1668781063,20221118,8897653002,16,,0,36145,0,normal,9,12,"[in stock]100 Peças Terminais Elétricos Ilhós Tubular Simples Pré Isolado 2,5mm  VE",False
1668779511,20221118,8897653002,16,,0,36145,0,normal,9,12,"[in stock]100 Peças Terminais Elétricos Ilhós Tubular Simples Pré Isolado 2,5mm  VE",False
1668778545,20221118,8897653002,16,,0,36145,0,normal,9,12,"[in stock]100 Peças Terminais Elétricos Ilhós Tubular Simples Pré Isolado 2,5mm  VE",False
1668774857,20221118,8897653002,16,,0,36145,0,normal,9,12,"[in stock]100 Peças Terminais Elétricos Ilhós Tubular Simples Pré Isolado 2,5mm  VE",False
1668771420,20221118,8897653002,16,,0,36145,0,normal,9,12,"[in stock]100 Peças Terminais Elétricos Ilhós Tubular Simples Pré Isolado 2,5mm  VE",False
1668770094,20221118,8897653002,16,,0,36145,0,normal,9,12,"[in stock]100 Peças Terminais Elétricos Ilhós Tubular Simples Pré Isolado 2,5mm  VE",False
1668769970,20221118,8897653002,16,,0,36145,0,normal,9,12,"[in stock]100 Peças Terminais Elétricos Ilhós Tubular Simples Pré Isolado 2,5mm  VE",False
1668768133,20221118,8897653002,16,,0,36145,0,normal,9,12,"[in stock]100 Peças Terminais Elétricos Ilhós Tubular Simples Pré Isolado 2,5mm  VE",False
1668766779,20221118,8897653002,16,,0,36145,0,normal,9,12,"[in stock]100 Peças Terminais Elétricos Ilhós Tubular Simples Pré Isolado 2,5mm  VE",False
1668764396,20221118,8897653002,16,,0,36145,0,normal,9,12,"[in stock]100 Peças Terminais Elétricos Ilhós Tubular Simples Pré Isolado 2,5mm  VE",False
1668763075,20221118,8897653002,16,,0,36145,0,normal,9,12,"[in stock]100 Peças Terminais Elétricos Ilhós Tubular Simples Pré Isolado 2,5mm  VE",False
1668761035,20221118,8897653002,16,,0,36145,0,normal,9,12,"[in stock]100 Peças Terminais Elétricos Ilhós Tubular Simples Pré Isolado 2,5mm  VE",False
1668759760,20221118,8897653002,16,,0,36145,0,normal,9,12,"[in stock]100 Peças Terminais Elétricos Ilhós Tubular Simples Pré Isolado 2,5mm  VE",False
1668757018,20221118,8897653002,16,,0,36145,0,normal,9,12,"[in stock]100 Peças Terminais Elétricos Ilhós Tubular Simples Pré Isolado 2,5mm  VE",False
1668755794,20221118,8897653002,16,,0,36145,0,normal,9,12,"[in stock]100 Peças Terminais Elétricos Ilhós Tubular Simples Pré Isolado 2,5mm  VE",False
1668753980,20221118,8897653002,16,,0,36145,0,normal,9,12,"[in stock]100 Peças Terminais Elétricos Ilhós Tubular Simples Pré Isolado 2,5mm  VE",False
1668752592,20221118,8897653002,16,,0,36145,0,normal,9,12,"[in stock]100 Peças Terminais Elétricos Ilhós Tubular Simples Pré Isolado 2,5mm  VE",False
1668749922,20221118,8897653002,16,,0,36145,0,normal,9,12,"[in stock]100 Peças Terminais Elétricos Ilhós Tubular Simples Pré Isolado 2,5mm  VE",False
1668748615,20221118,8897653002,16,,0,36145,0,normal,9,12,"[in stock]100 Peças Terminais Elétricos Ilhós Tubular Simples Pré Isolado 2,5mm  VE",False
1668746794,20221118,8897653002,16,,0,36145,0,normal,9,12,"[in stock]100 Peças Terminais Elétricos Ilhós Tubular Simples Pré Isolado 2,5mm  VE",False
1668745400,20221118,8897653002,16,,0,36145,0,normal,9,12,"[in stock]100 Peças Terminais Elétricos Ilhós Tubular Simples Pré Isolado 2,5mm  VE",False
1668743732,20221118,8897653002,16,,0,36145,0,normal,9,12,"[in stock]100 Peças Terminais Elétricos Ilhós Tubular Simples Pré Isolado 2,5mm  VE",False
1668741288,20221118,8897653002,16,,0,36145,0,normal,9,12,"[in stock]100 Peças Terminais Elétricos Ilhós Tubular Simples Pré Isolado 2,5mm  VE",False
1668735874,20221118,8897653002,16,,0,36145,0,normal,9,12,"[in stock]100 Peças Terminais Elétricos Ilhós Tubular Simples Pré Isolado 2,5mm  VE",False
1668728454,20221117,8897653002,16,,0,36145,0,normal,9,12,"[in stock]100 Peças Terminais Elétricos Ilhós Tubular Simples Pré Isolado 2,5mm  VE",False
1668727168,20221117,8897653002,16,,0,36145,0,normal,9,12,"[in stock]100 Peças Terminais Elétricos Ilhós Tubular Simples Pré Isolado 2,5mm  VE",False
1668724853,20221117,8897653002,16,,0,36145,0,normal,9,12,"[in stock]100 Peças Terminais Elétricos Ilhós Tubular Simples Pré Isolado 2,5mm  VE",False
1668723498,20221117,8897653002,16,,0,36145,0,normal,9,12,"[in stock]100 Peças Terminais Elétricos Ilhós Tubular Simples Pré Isolado 2,5mm  VE",False
1668721098,20221117,8897653002,16,,0,36145,0,normal,9,12,"[in stock]100 Peças Terminais Elétricos Ilhós Tubular Simples Pré Isolado 2,5mm  VE",False
1668719766,20221117,8897653002,16,,0,36145,0,normal,9,12,"[in stock]100 Peças Terminais Elétricos Ilhós Tubular Simples Pré Isolado 2,5mm  VE",False
1668717608,20221117,8897653002,16,,0,36145,0,normal,9,12,"[in stock]100 Peças Terminais Elétricos Ilhós Tubular Simples Pré Isolado 2,5mm  VE",False
1668716337,20221117,8897653002,16,,0,36145,0,normal,9,12,"[in stock]100 Peças Terminais Elétricos Ilhós Tubular Simples Pré Isolado 2,5mm  VE",False
1668713827,20221117,8897653002,16,,0,36145,0,normal,9,12,"[in stock]100 Peças Terminais Elétricos Ilhós Tubular Simples Pré Isolado 2,5mm  VE",False
1668712483,20221117,8897653002,16,,0,36145,0,normal,9,12,"[in stock]100 Peças Terminais Elétricos Ilhós Tubular Simples Pré Isolado 2,5mm  VE",False
1668710669,20221117,8897653002,16,,0,36145,0,normal,9,12,"[in stock]100 Peças Terminais Elétricos Ilhós Tubular Simples Pré Isolado 2,5mm  VE",False
1668709305,20221117,8897653002,16,,0,36145,0,normal,9,12,"[in stock]100 Peças Terminais Elétricos Ilhós Tubular Simples Pré Isolado 2,5mm  VE",False
1668706817,20221117,8897653002,16,,0,36145,0,normal,9,12,"[in stock]100 Peças Terminais Elétricos Ilhós Tubular Simples Pré Isolado 2,5mm  VE",False
1668705492,20221117,8897653002,16,,0,36145,0,normal,9,12,"[in stock]100 Peças Terminais Elétricos Ilhós Tubular Simples Pré Isolado 2,5mm  VE",False
1668704111,20221117,8897653002,16,,0,36145,0,normal,9,12,"[in stock]100 Peças Terminais Elétricos Ilhós Tubular Simples Pré Isolado 2,5mm  VE",False
1668702351,20221117,8897653002,16,,0,36145,0,normal,9,12,"[in stock]100 Peças Terminais Elétricos Ilhós Tubular Simples Pré Isolado 2,5mm  VE",False
1668699706,20221117,8897653002,16,,0,36145,0,normal,9,12,"[in stock]100 Peças Terminais Elétricos Ilhós Tubular Simples Pré Isolado 2,5mm  VE",False
1668698358,20221117,8897653002,16,,0,36145,0,normal,9,12,"[in stock]100 Peças Terminais Elétricos Ilhós Tubular Simples Pré Isolado 2,5mm  VE",False
1668695964,20221117,8897653002,16,,0,36145,0,normal,9,12,"[in stock]100 Peças Terminais Elétricos Ilhós Tubular Simples Pré Isolado 2,5mm  VE",False
1668694599,20221117,8897653002,16,,0,36145,0,normal,9,12,"[in stock]100 Peças Terminais Elétricos Ilhós Tubular Simples Pré Isolado 2,5mm  VE",False
1668692117,20221117,8897653002,16,,0,36145,0,normal,9,12,"[in stock]100 Peças Terminais Elétricos Ilhós Tubular Simples Pré Isolado 2,5mm  VE",False
1668688690,20221117,8897653002,16,,0,36145,0,normal,9,12,"[in stock]100 Peças Terminais Elétricos Ilhós Tubular Simples Pré Isolado 2,5mm  VE",False
1668685011,20221117,8897653002,16,,0,36145,0,normal,9,12,"[in stock]100 Peças Terminais Elétricos Ilhós Tubular Simples Pré Isolado 2,5mm  VE",False
1668683679,20221117,8897653002,16,,0,36145,0,normal,9,12,"[in stock]100 Peças Terminais Elétricos Ilhós Tubular Simples Pré Isolado 2,5mm  VE",False
1668681711,20221117,8897653002,16,,0,36145,0,normal,9,12,"[in stock]100 Peças Terminais Elétricos Ilhós Tubular Simples Pré Isolado 2,5mm  VE",False
1668680349,20221117,8897653002,16,,0,36145,0,normal,9,12,"[in stock]100 Peças Terminais Elétricos Ilhós Tubular Simples Pré Isolado 2,5mm  VE",False
1668677990,20221117,8897653002,16,,0,36145,0,normal,9,12,"[in stock]100 Peças Terminais Elétricos Ilhós Tubular Simples Pré Isolado 2,5mm  VE",False
1668676663,20221117,8897653002,16,,0,36145,0,normal,9,12,"[in stock]100 Peças Terminais Elétricos Ilhós Tubular Simples Pré Isolado 2,5mm  VE",False
1668674812,20221117,8897653002,16,,0,36145,0,normal,9,12,"[in stock]100 Peças Terminais Elétricos Ilhós Tubular Simples Pré Isolado 2,5mm  VE",False
1668673496,20221117,8897653002,16,,0,36145,0,normal,9,12,"[in stock]100 Peças Terminais Elétricos Ilhós Tubular Simples Pré Isolado 2,5mm  VE",False
1668670600,20221117,8897653002,16,,0,36145,0,normal,9,12,"[in stock]100 Peças Terminais Elétricos Ilhós Tubular Simples Pré Isolado 2,5mm  VE",False
1668669378,20221117,8897653002,16,,0,36145,0,normal,9,12,"[in stock]100 Peças Terminais Elétricos Ilhós Tubular Simples Pré Isolado 2,5mm  VE",False
1668667550,20221117,8897653002,16,,0,36145,0,normal,9,12,"[in stock]100 Peças Terminais Elétricos Ilhós Tubular Simples Pré Isolado 2,5mm  VE",False
1668666148,20221117,8897653002,16,,0,36145,0,normal,9,12,"[in stock]100 Peças Terminais Elétricos Ilhós Tubular Simples Pré Isolado 2,5mm  VE",False
1668663540,20221117,8897653002,16,,0,36145,0,normal,9,12,"[in stock]100 Peças Terminais Elétricos Ilhós Tubular Simples Pré Isolado 2,5mm  VE",False
1668662237,20221117,8897653002,16,,0,36145,0,normal,9,12,"[in stock]100 Peças Terminais Elétricos Ilhós Tubular Simples Pré Isolado 2,5mm  VE",False
1668660356,20221117,8897653002,16,,0,36145,0,normal,9,12,"[in stock]100 Peças Terminais Elétricos Ilhós Tubular Simples Pré Isolado 2,5mm  VE",False
1668658930,20221117,8897653002,16,,0,36145,0,normal,9,12,"[in stock]100 Peças Terminais Elétricos Ilhós Tubular Simples Pré Isolado 2,5mm  VE",False
1668657263,20221117,8897653002,16,,0,36145,0,normal,9,12,"[in stock]100 Peças Terminais Elétricos Ilhós Tubular Simples Pré Isolado 2,5mm  VE",False
1668654783,20221117,8897653002,16,,0,36145,0,normal,9,12,"[in stock]100 Peças Terminais Elétricos Ilhós Tubular Simples Pré Isolado 2,5mm  VE",False
1668653574,20221117,8897653002,16,,0,36145,0,normal,9,12,"[in stock]100 Peças Terminais Elétricos Ilhós Tubular Simples Pré Isolado 2,5mm  VE",False
1668649242,20221117,8897653002,16,,0,36145,0,normal,9,12,"[in stock]100 Peças Terminais Elétricos Ilhós Tubular Simples Pré Isolado 2,5mm  VE",False
1668641991,20221116,8897653002,16,,0,36145,0,normal,9,12,"[in stock]100 Peças Terminais Elétricos Ilhós Tubular Simples Pré Isolado 2,5mm  VE",False
1668640690,20221116,8897653002,16,,0,36145,0,normal,9,12,"[in stock]100 Peças Terminais Elétricos Ilhós Tubular Simples Pré Isolado 2,5mm  VE",False
1668638403,20221116,8897653002,16,,0,36145,0,normal,9,12,"[in stock]100 Peças Terminais Elétricos Ilhós Tubular Simples Pré Isolado 2,5mm  VE",False
1668637030,20221116,8897653002,16,,0,36145,0,normal,9,12,"[in stock]100 Peças Terminais Elétricos Ilhós Tubular Simples Pré Isolado 2,5mm  VE",False
1668634683,20221116,8897653002,16,,0,36145,0,normal,9,12,"[in stock]100 Peças Terminais Elétricos Ilhós Tubular Simples Pré Isolado 2,5mm  VE",False
1668633339,20221116,8897653002,16,,0,36145,0,normal,9,12,"[in stock]100 Peças Terminais Elétricos Ilhós Tubular Simples Pré Isolado 2,5mm  VE",False
1668631203,20221116,8897653002,16,,0,36145,0,normal,9,12,"[in stock]100 Peças Terminais Elétricos Ilhós Tubular Simples Pré Isolado 2,5mm  VE",False
1668629942,20221116,8897653002,16,,0,36145,0,normal,9,12,"[in stock]100 Peças Terminais Elétricos Ilhós Tubular Simples Pré Isolado 2,5mm  VE",False
1668627447,20221116,8897653002,16,,0,36145,0,normal,9,12,"[in stock]100 Peças Terminais Elétricos Ilhós Tubular Simples Pré Isolado 2,5mm  VE",False
1668626078,20221116,8897653002,16,,0,36145,0,normal,9,12,"[in stock]100 Peças Terminais Elétricos Ilhós Tubular Simples Pré Isolado 2,5mm  VE",False
1668624293,20221116,8897653002,16,,0,36145,0,normal,9,12,"[in stock]100 Peças Terminais Elétricos Ilhós Tubular Simples Pré Isolado 2,5mm  VE",False
1668622945,20221116,8897653002,16,,0,36145,0,normal,9,12,"[in stock]100 Peças Terminais Elétricos Ilhós Tubular Simples Pré Isolado 2,5mm  VE",False
1668620376,20221116,8897653002,16,,0,36145,0,normal,9,12,"[in stock]100 Peças Terminais Elétricos Ilhós Tubular Simples Pré Isolado 2,5mm  VE",False
1668619004,20221116,8897653002,16,,0,36145,0,normal,9,12,"[in stock]100 Peças Terminais Elétricos Ilhós Tubular Simples Pré Isolado 2,5mm  VE",False
1668617502,20221116,8897653002,16,,0,36145,0,normal,9,12,"[in stock]100 Peças Terminais Elétricos Ilhós Tubular Simples Pré Isolado 2,5mm  VE",False
1668615912,20221116,8897653002,16,,0,36145,0,normal,9,12,"[in stock]100 Peças Terminais Elétricos Ilhós Tubular Simples Pré Isolado 2,5mm  VE",False
1668613303,20221116,8897653002,16,,0,36145,0,normal,9,12,"[in stock]100 Peças Terminais Elétricos Ilhós Tubular Simples Pré Isolado 2,5mm  VE",False
1668611938,20221116,8897653002,16,,0,36145,0,normal,9,12,"[in stock]100 Peças Terminais Elétricos Ilhós Tubular Simples Pré Isolado 2,5mm  VE",False
1668609569,20221116,8897653002,16,,0,36145,0,normal,9,12,"[in stock]100 Peças Terminais Elétricos Ilhós Tubular Simples Pré Isolado 2,5mm  VE",False
1668608180,20221116,8897653002,16,,0,36145,0,normal,9,12,"[in stock]100 Peças Terminais Elétricos Ilhós Tubular Simples Pré Isolado 2,5mm  VE",False
1668605877,20221116,8897653002,16,,0,36145,0,normal,9,12,"[in stock]100 Peças Terminais Elétricos Ilhós Tubular Simples Pré Isolado 2,5mm  VE",False
1668602163,20221116,8897653002,16,,0,36145,0,normal,9,12,"[in stock]100 Peças Terminais Elétricos Ilhós Tubular Simples Pré Isolado 2,5mm  VE",False
1668598607,20221116,8897653002,16,,0,36145,0,normal,9,12,"[in stock]100 Peças Terminais Elétricos Ilhós Tubular Simples Pré Isolado 2,5mm  VE",False
1668597313,20221116,8897653002,16,,0,36145,0,normal,9,12,"[in stock]100 Peças Terminais Elétricos Ilhós Tubular Simples Pré Isolado 2,5mm  VE",False
