data/master.csv
time,date,itemid,price,discount,price_before_discount,stock,sold,item_status,cmt_count,liked_count,item_name,is_latest
1669677737,20221128,11975332853,49,52%,74,140116,63,normal,126,3223,Kit De Acessórios Para Fazer Joias / Ferramenta / Alicate Para Pulseiras / Joias Diy,True
1669668020,20221128,11975332853,49,52%,74,140116,63,normal,126,3221,Kit De Acessórios Para Fazer Joias / Ferramenta / Alicate Para Pulseiras / Joias Diy,False
1669666859,20221128,11975332853,49,52%,74,140116,63,normal,126,3220,Kit De Acessórios Para Fazer Joias / Ferramenta / Alicate Para Pulseiras / Joias Diy,False
1669664329,20221128,11975332853,49,52%,74,140116,63,normal,126,3218,Kit De Acessórios Para Fazer Joias / Ferramenta / Alicate Para Pulseiras / Joias Diy,False
1669662996,20221128,11975332853,49,52%,74,140116,66,normal,126,3218,Kit De Acessórios Para Fazer Joias / Ferramenta / Alicate Para Pulseiras / Joias Diy,False
1669661148,20221128,11975332853,49,52%,74,140116,66,normal,126,3217,Kit De Acessórios Para Fazer Joias / Ferramenta / Alicate Para Pulseiras / Joias Diy,False
1669659995,20221128,11975332853,49,52%,74,140116,66,normal,126,3216,Kit De Acessórios Para Fazer Joias / Ferramenta / Alicate Para Pulseiras / Joias Diy,False
1669657216,20221128,11975332853,49,52%,74,140116,66,normal,126,3215,Kit De Acessórios Para Fazer Joias / Ferramenta / Alicate Para Pulseiras / Joias Diy,False
1669653861,20221128,11975332853,49,52%,74,140117,66,normal,126,3215,Kit De Acessórios Para Fazer Joias / Ferramenta / Alicate Para Pulseiras / Joias Diy,False
1669652697,20221128,11975332853,49,52%,74,140117,66,normal,126,3214,Kit De Acessórios Para Fazer Joias / Ferramenta / Alicate Para Pulseiras / Joias Diy,False
1669649894,20221128,11975332853,49,52%,74,140117,66,normal,126,3212,Kit De Acessórios Para Fazer Joias / Ferramenta / Alicate Para Pulseiras / Joias Diy,False
1669645153,20221128,11975332853,49,52%,74,140117,66,normal,126,3211,Kit De Acessórios Para Fazer Joias / Ferramenta / Alicate Para Pulseiras / Joias Diy,False
1669639220,20221128,11975332853,49,52%,74,140117,66,normal,126,3210,Kit De Acessórios Para Fazer Joias / Ferramenta / Alicate Para Pulseiras / Joias Diy,False
1669628423,20221128,11975332853,49,52%,74,140118,66,normal,126,3208,Kit De Acessórios Para Fazer Joias / Ferramenta / Alicate Para Pulseiras / Joias Diy,False
1669604394,20221128,11975332853,49,52%,74,140118,66,normal,126,3207,Kit De Acessórios Para Fazer Joias / Ferramenta / Alicate Para Pulseiras / Joias Diy,False
1669600055,20221128,11975332853,49,52%,74,140118,66,normal,126,3206,Kit De Acessórios Para Fazer Joias / Ferramenta / Alicate Para Pulseiras / Joias Diy,False
1669591310,20221127,11975332853,49,52%,74,140118,66,normal,126,3204,Kit De Acessórios Para Fazer Joias / Ferramenta / Alicate Para Pulseiras / Joias Diy,False
1669588799,20221127,11975332853,49,52%,74,140118,66,normal,126,3203,Kit De Acessórios Para Fazer Joias / Ferramenta / Alicate Para Pulseiras / Joias Diy,False
1669581570,20221127,11975332853,49,52%,74,140118,66,normal,126,3201,Kit De Acessórios Para Fazer Joias / Ferramenta / Alicate Para Pulseiras / Joias Diy,False
1669580449,20221127,11975332853,49,52%,74,140118,66,normal,126,3199,Kit De Acessórios Para Fazer Joias / Ferramenta / Alicate Para Pulseiras / Joias Diy,False
1669577899,20221127,11975332853,49,52%,74,140119,66,normal,126,3198,Kit De Acessórios Para Fazer Joias / Ferramenta / Alicate Para Pulseiras / Joias Diy,False
1669576572,20221127,11975332853,49,52%,74,140119,66,normal,126,3197,Kit De Acessórios Para Fazer Joias / Ferramenta / Alicate Para Pulseiras / Joias Diy,False
1669573468,20221127,11975332853,49,52%,74,140119,67,normal,126,3197,Kit De Acessórios Para Fazer Joias / Ferramenta / Alicate Para Pulseiras / Joias Diy,False
1669570720,20221127,11975332853,49,52%,74,140119,67,normal,126,3196,Kit De Acessórios Para Fazer Joias / Ferramenta / Alicate Para Pulseiras / Joias Diy,False
1669569473,20221127,11975332853,49,52%,74,140119,67,normal,126,3195,Kit De Acessórios Para Fazer Joias / Ferramenta / Alicate Para Pulseiras / Joias Diy,False
1669566491,20221127,11975332853,49,52%,74,140119,67,normal,126,3194,Kit De Acessórios Para Fazer Joias / Ferramenta / Alicate Para Pulseiras / Joias Diy,False
1669563605,20221127,11975332853,49,52%,74,140119,67,normal,126,3195,Kit De Acessórios Para Fazer Joias / Ferramenta / Alicate Para Pulseiras / Joias Diy,False
1669562405,20221127,11975332853,49,52%,74,140120,67,normal,126,3195,Kit De Acessórios Para Fazer Joias / Ferramenta / Alicate Para Pulseiras / Joias Diy,False
1669555553,20221127,11975332853,49,52%,74,140120,67,normal,126,3193,Kit De Acessórios Para Fazer Joias / Ferramenta / Alicate Para Pulseiras / Joias Diy,False
1669552615,20221127,11975332853,49,52%,74,140120,67,normal,126,3194,Kit De Acessórios Para Fazer Joias / Ferramenta / Alicate Para Pulseiras / Joias Diy,False
1669549094,20221127,11975332853,49,52%,74,140120,67,normal,126,3193,Kit De Acessórios Para Fazer Joias / Ferramenta / Alicate Para Pulseiras / Joias Diy,False
1669547821,20221127,11975332853,49,52%,74,140120,67,normal,126,3192,Kit De Acessórios Para Fazer Joias / Ferramenta / Alicate Para Pulseiras / Joias Diy,False
1669540746,20221127,11975332853,49,52%,74,140120,67,normal,126,3190,Kit De Acessórios Para Fazer Joias / Ferramenta / Alicate Para Pulseiras / Joias Diy,False
1669523128,20221127,11975332853,49,52%,74,140120,67,normal,126,3189,Kit De Acessórios Para Fazer Joias / Ferramenta / Alicate Para Pulseiras / Joias Diy,False
1669518591,20221127,11975332853,49,52%,74,140119,67,normal,126,3189,Kit De Acessórios Para Fazer Joias / Ferramenta / Alicate Para Pulseiras / Joias Diy,False
1669514086,20221127,11975332853,49,52%,74,140119,67,normal,126,3188,Kit De Acessórios Para Fazer Joias / Ferramenta / Alicate Para Pulseiras / Joias Diy,False
1669504825,20221126,11975332853,49,52%,74,140119,67,normal,126,3187,Kit De Acessórios Para Fazer Joias / Ferramenta / Alicate Para Pulseiras / Joias Diy,False
1669497473,20221126,11975332853,49,52%,74,140119,67,normal,126,3186,Kit De Acessórios Para Fazer Joias / Ferramenta / Alicate Para Pulseiras / Joias Diy,False
1669495167,20221126,11975332853,49,52%,74,140119,67,normal,126,3185,Kit De Acessórios Para Fazer Joias / Ferramenta / Alicate Para Pulseiras / Joias Diy,False
1669494050,20221126,11975332853,49,52%,74,140119,67,normal,126,3184,Kit De Acessórios Para Fazer Joias / Ferramenta / Alicate Para Pulseiras / Joias Diy,False
1669490147,20221126,11975332853,49,52%,74,140119,67,normal,126,3183,Kit De Acessórios Para Fazer Joias / Ferramenta / Alicate Para Pulseiras / Joias Diy,False
1669488179,20221126,11975332853,49,52%,74,140119,67,normal,126,3182,Kit De Acessórios Para Fazer Joias / Ferramenta / Alicate Para Pulseiras / Joias Diy,False
1669487068,20221126,11975332853,49,52%,74,140119,67,normal,126,3181,Kit De Acessórios Para Fazer Joias / Ferramenta / Alicate Para Pulseiras / Joias Diy,False
1669484297,20221126,11975332853,49,52%,74,140119,67,normal,126,3180,Kit De Acessórios Para Fazer Joias / Ferramenta / Alicate Para Pulseiras / Joias Diy,False
1669483065,20221126,11975332853,49,52%,74,140119,67,normal,126,3179,Kit De Acessórios Para Fazer Joias / Ferramenta / Alicate Para Pulseiras / Joias Diy,False
1669480078,20221126,11975332853,49,52%,74,140119,67,normal,125,3178,Kit De Acessórios Para Fazer Joias / Ferramenta / Alicate Para Pulseiras / Joias Diy,False
1669477190,20221126,11975332853,49,52%,74,140119,67,normal,125,3177,Kit De Acessórios Para Fazer Joias / Ferramenta / Alicate Para Pulseiras / Joias Diy,False
1669469126,20221126,11975332853,49,52%,74,140119,67,normal,125,3175,Kit De Acessórios Para Fazer Joias / Ferramenta / Alicate Para Pulseiras / Joias Diy,False
1669436725,20221126,11975332853,49,52%,74,140119,67,normal,125,3174,Kit De Acessórios Para Fazer Joias / Ferramenta / Alicate Para Pulseiras / Joias Diy,False
1669434257,20221126,11975332853,49,52%,74,140120,67,normal,125,3174,Kit De Acessórios Para Fazer Joias / Ferramenta / Alicate Para Pulseiras / Joias Diy,False
1669433244,20221126,11975332853,49,52%,74,140120,67,normal,125,3173,Kit De Acessórios Para Fazer Joias / Ferramenta / Alicate Para Pulseiras / Joias Diy,False
1669431171,20221126,11975332853,44,59%,74,50976,67,normal,125,3172,Kit De Acessórios Para Fazer Joias / Ferramenta / Alicate Para Pulseiras / Joias Diy,False
1669427080,20221126,11975332853,44,59%,74,50976,67,normal,125,3171,Kit De Acessórios Para Fazer Joias / Ferramenta / Alicate Para Pulseiras / Joias Diy,False
1669418453,20221125,11975332853,44,59%,74,50976,67,normal,124,3167,Kit De Acessórios Para Fazer Joias / Ferramenta / Alicate Para Pulseiras / Joias Diy,False
1669416013,20221125,11975332853,44,59%,74,50976,67,normal,124,3166,Kit De Acessórios Para Fazer Joias / Ferramenta / Alicate Para Pulseiras / Joias Diy,False
1669414786,20221125,11975332853,44,59%,74,50976,67,normal,124,3164,Kit De Acessórios Para Fazer Joias / Ferramenta / Alicate Para Pulseiras / Joias Diy,False
1669411111,20221125,11975332853,44,59%,74,50976,67,normal,124,3163,Kit De Acessórios Para Fazer Joias / Ferramenta / Alicate Para Pulseiras / Joias Diy,False
1669405090,20221125,11975332853,44,59%,74,50976,67,normal,124,3161,Kit De Acessórios Para Fazer Joias / Ferramenta / Alicate Para Pulseiras / Joias Diy,False
1669403774,20221125,11975332853,44,59%,74,50975,69,normal,124,3160,Kit De Acessórios Para Fazer Joias / Ferramenta / Alicate Para Pulseiras / Joias Diy,False
1669397952,20221125,11975332853,44,59%,74,50975,69,normal,124,3159,Kit De Acessórios Para Fazer Joias / Ferramenta / Alicate Para Pulseiras / Joias Diy,False
1669395166,20221125,11975332853,44,59%,74,50975,69,normal,124,3158,Kit De Acessórios Para Fazer Joias / Ferramenta / Alicate Para Pulseiras / Joias Diy,False
1669389690,20221125,11975332853,44,59%,74,50975,69,normal,124,3157,Kit De Acessórios Para Fazer Joias / Ferramenta / Alicate Para Pulseiras / Joias Diy,False
1669383850,20221125,11975332853,44,59%,74,50975,69,normal,124,3155,Kit De Acessórios Para Fazer Joias / Ferramenta / Alicate Para Pulseiras / Joias Diy,False
1669382979,20221125,11975332853,44,59%,74,50975,69,normal,124,3154,Kit De Acessórios Para Fazer Joias / Ferramenta / Alicate Para Pulseiras / Joias Diy,False
1669380029,20221125,11975332853,44,59%,74,50975,69,normal,124,3153,Kit De Acessórios Para Fazer Joias / Ferramenta / Alicate Para Pulseiras / Joias Diy,False
1669375074,20221125,11975332853,44,59%,74,50975,69,normal,124,3152,Kit De Acessórios Para Fazer Joias / Ferramenta / Alicate Para Pulseiras / Joias Diy,False
1669371782,20221125,11975332853,44,59%,74,50975,69,normal,124,3151,Kit De Acessórios Para Fazer Joias / Ferramenta / Alicate Para Pulseiras / Joias Diy,False
1669369195,20221125,11975332853,44,59%,74,50975,69,normal,124,3150,Kit De Acessórios Para Fazer Joias / Ferramenta / Alicate Para Pulseiras / Joias Diy,False
1669357612,20221125,11975332853,44,59%,74,50975,69,normal,124,3149,Kit De Acessórios Para Fazer Joias / Ferramenta / Alicate Para Pulseiras / Joias Diy,False
1669351621,20221125,11975332853,44,59%,74,50975,69,normal,124,3148,Kit De Acessórios Para Fazer Joias / Ferramenta / Alicate Para Pulseiras / Joias Diy,False
1669350518,20221125,11975332853,44,59%,74,50975,69,normal,124,3147,Kit De Acessórios Para Fazer Joias / Ferramenta / Alicate Para Pulseiras / Joias Diy,False
1669009148,20221121,11975332853,49,52%,74,140121,69,normal,122,3071,Kit De Acessórios Para Fazer Joias / Ferramenta / Alicate Para Pulseiras / Joias Diy,False
1669003278,20221121,11975332853,49,52%,74,140121,69,normal,122,3070,Kit De Acessórios Para Fazer Joias / Ferramenta / Alicate Para Pulseiras / Joias Diy,False
1669000630,20221121,11975332853,49,52%,74,140122,69,normal,122,3070,Kit De Acessórios Para Fazer Joias / Ferramenta / Alicate Para Pulseiras / Joias Diy,False
1668994904,20221121,11975332853,49,54%,74,61016,69,normal,122,3070,Kit De Acessórios Para Fazer Joias / Ferramenta / Alicate Para Pulseiras / Joias Diy,False
1668986339,20221120,11975332853,49,54%,74,61015,69,normal,122,3067,Kit De Acessórios Para Fazer Joias / Ferramenta / Alicate Para Pulseiras / Joias Diy,False
1668982595,20221120,11975332853,49,54%,74,61015,69,normal,122,3066,Kit De Acessórios Para Fazer Joias / Ferramenta / Alicate Para Pulseiras / Joias Diy,False
1668980255,20221120,11975332853,49,54%,74,61015,69,normal,122,3065,Kit De Acessórios Para Fazer Joias / Ferramenta / Alicate Para Pulseiras / Joias Diy,False
1668976771,20221120,11975332853,49,54%,74,61015,69,normal,121,3064,Kit De Acessórios Para Fazer Joias / Ferramenta / Alicate Para Pulseiras / Joias Diy,False
1668975491,20221120,11975332853,49,54%,74,61015,69,normal,121,3063,Kit De Acessórios Para Fazer Joias / Ferramenta / Alicate Para Pulseiras / Joias Diy,False
1668973045,20221120,11975332853,49,54%,74,61015,69,normal,121,3062,Kit De Acessórios Para Fazer Joias / Ferramenta / Alicate Para Pulseiras / Joias Diy,False
1668971632,20221120,11975332853,49,54%,74,61015,70,normal,121,3062,Kit De Acessórios Para Fazer Joias / Ferramenta / Alicate Para Pulseiras / Joias Diy,False
1668969785,20221120,11975332853,49,54%,74,61015,70,normal,121,3061,Kit De Acessórios Para Fazer Joias / Ferramenta / Alicate Para Pulseiras / Joias Diy,False
1668968456,20221120,11975332853,49,54%,74,61015,70,normal,121,3060,Kit De Acessórios Para Fazer Joias / Ferramenta / Alicate Para Pulseiras / Joias Diy,False
1668965917,20221120,11975332853,49,54%,74,61015,70,normal,121,3059,Kit De Acessórios Para Fazer Joias / Ferramenta / Alicate Para Pulseiras / Joias Diy,False
1668964523,20221120,11975332853,49,54%,74,61014,70,normal,121,3058,Kit De Acessórios Para Fazer Joias / Ferramenta / Alicate Para Pulseiras / Joias Diy,False
1668962730,20221120,11975332853,49,54%,74,61014,70,normal,121,3057,Kit De Acessórios Para Fazer Joias / Ferramenta / Alicate Para Pulseiras / Joias Diy,False
1669675262,20221128,14471773624,75,57%,173,2399,6,normal,48,229,[Em estoque]Luva De Goleiro Falcon Flexível E Confortável/Antiderrapante/Luvas Profissional Luvas De Treinamento Americano/Látex/Grosso,True
1669606516,20221128,14471773624,75,57%,173,2400,6,normal,48,228,[Em estoque]Luva De Goleiro Falcon Flexível E Confortável/Antiderrapante/Luvas Profissional Luvas De Treinamento Americano/Látex/Grosso,False
1669604383,20221128,14471773624,78,55%,173,11135,6,normal,48,228,[Em estoque]Luva De Goleiro Falcon Flexível E Confortável/Antiderrapante/Luvas Profissional Luvas De Treinamento Americano/Látex/Grosso,False
1669600044,20221128,14471773624,78,55%,173,9935,6,normal,48,228,[Em estoque]Luva De Goleiro Falcon Flexível E Confortável/Antiderrapante/Luvas Profissional Luvas De Treinamento Americano/Látex/Grosso,False
1669514075,20221127,14471773624,78,55%,173,9935,6,normal,48,228,[Em estoque]Luva De Goleiro Falcon Flexível E Confortável/Antiderrapante/Luvas Profissional Luvas De Treinamento Americano/Látex/Grosso,False
1669497462,20221126,14471773624,78,55%,173,9935,6,normal,48,227,[Em estoque]Luva De Goleiro Falcon Flexível E Confortável/Antiderrapante/Luvas Profissional Luvas De Treinamento Americano/Látex/Grosso,False
1669490136,20221126,14471773624,78,55%,173,9935,6,normal,48,226,[Em estoque]Luva De Goleiro Falcon Flexível E Confortável/Antiderrapante/Luvas Profissional Luvas De Treinamento Americano/Látex/Grosso,False
1669488169,20221126,14471773624,78,55%,173,9935,5,normal,48,226,[Em estoque]Luva De Goleiro Falcon Flexível E Confortável/Antiderrapante/Luvas Profissional Luvas De Treinamento Americano/Látex/Grosso,False
1669454326,20221126,14471773624,78,55%,173,9935,5,normal,48,225,[Em estoque]Luva De Goleiro Falcon Flexível E Confortável/Antiderrapante/Luvas Profissional Luvas De Treinamento Americano/Látex/Grosso,False
1669433233,20221126,14471773624,78,55%,173,9935,5,normal,47,225,[Em estoque]Luva De Goleiro Falcon Flexível E Confortável/Antiderrapante/Luvas Profissional Luvas De Treinamento Americano/Látex/Grosso,False
1669427069,20221126,14471773624,78,57%,173,2086,5,normal,47,225,[Em estoque]Luva De Goleiro Falcon Flexível E Confortável/Antiderrapante/Luvas Profissional Luvas De Treinamento Americano/Látex/Grosso,False
1669407690,20221125,14471773624,78,57%,173,2086,5,normal,47,224,[Em estoque]Luva De Goleiro Falcon Flexível E Confortável/Antiderrapante/Luvas Profissional Luvas De Treinamento Americano/Látex/Grosso,False
1669403763,20221125,14471773624,78,57%,173,2086,5,normal,47,223,[Em estoque]Luva De Goleiro Falcon Flexível E Confortável/Antiderrapante/Luvas Profissional Luvas De Treinamento Americano/Látex/Grosso,False
1669397941,20221125,14471773624,78,57%,173,2086,4,normal,47,222,[Em estoque]Luva De Goleiro Falcon Flexível E Confortável/Antiderrapante/Luvas Profissional Luvas De Treinamento Americano/Látex/Grosso,False
1669389680,20221125,14471773624,78,57%,173,2086,4,normal,47,223,[Em estoque]Luva De Goleiro Falcon Flexível E Confortável/Antiderrapante/Luvas Profissional Luvas De Treinamento Americano/Látex/Grosso,False
1669380017,20221125,14471773624,78,57%,173,2086,4,normal,46,223,[Em estoque]Luva De Goleiro Falcon Flexível E Confortável/Antiderrapante/Luvas Profissional Luvas De Treinamento Americano/Látex/Grosso,False
1669365852,20221125,14471773624,78,57%,173,2095,4,normal,46,223,[Em estoque]Luva De Goleiro Falcon Flexível E Confortável/Antiderrapante/Luvas Profissional Luvas De Treinamento Americano/Látex/Grosso,False
1669350508,20221125,14471773624,78,57%,173,2695,4,normal,46,223,[Em estoque]Luva De Goleiro Falcon Flexível E Confortável/Antiderrapante/Luvas Profissional Luvas De Treinamento Americano/Látex/Grosso,False
1669000619,20221121,14471773624,75,57%,173,2395,3,normal,45,220,[Em estoque]Luva De Goleiro Falcon Flexível E Confortável/Antiderrapante/Luvas Profissional Luvas De Treinamento Americano/Látex/Grosso,False
