data/master.csv
time,date,itemid,price,discount,price_before_discount,stock,sold,item_status,cmt_count,liked_count,item_name,is_latest
1668994893,20221121,14471773624,134,55%,299,8801,3,normal,45,220,[Em estoque]Luva De Goleiro Falcon Flexível E Confortável/Antiderrapante/Luvas Profissional Luvas De Treinamento Americano/Látex/Grosso,False
1668982584,20221120,14471773624,134,55%,299,8801,3,normal,45,220,[Em estoque]Luva De Goleiro Falcon Flexível E Confortável/Antiderrapante/Luvas Profissional Luvas De Treinamento Americano/Látex/Grosso,False
1668908689,20221120,14471773624,134,55%,299,8801,3,normal,45,219,[Em estoque]Luva De Goleiro Falcon Flexível E Confortável/Antiderrapante/Luvas Profissional Luvas De Treinamento Americano/Látex/Grosso,False
1668885221,20221119,14471773624,134,55%,299,8801,3,normal,45,219,[Em estoque]Luva De Goleiro Falcon Flexível E Confortável/Antiderrapante/Luvas Profissional Luvas De Treinamento Americano/Látex/Grosso,False
1668821999,20221119,14471773624,134,55%,299,8801,2,normal,45,219,[Em estoque]Luva De Goleiro Falcon Flexível E Confortável/Antiderrapante/Luvas Profissional Luvas De Treinamento Americano/Látex/Grosso,False
1668813482,20221118,14471773624,134,55%,299,8801,2,normal,45,219,[Em estoque]Luva De Goleiro Falcon Flexível E Confortável/Antiderrapante/Luvas Profissional Luvas De Treinamento Americano/Látex/Grosso,False
1668735874,20221118,14471773624,134,55%,299,8801,2,normal,45,218,[Em estoque]Luva De Goleiro Falcon Flexível E Confortável/Antiderrapante/Luvas Profissional Luvas De Treinamento Americano/Látex/Grosso,False
1668721098,20221117,14471773624,134,55%,299,8801,2,normal,45,218,[Em estoque]Luva De Goleiro Falcon Flexível E Confortável/Antiderrapante/Luvas Profissional Luvas De Treinamento Americano/Látex/Grosso,False
1668683678,20221117,14471773624,134,55%,299,8801,2,normal,45,217,[Em estoque]Luva De Goleiro Falcon Flexível E Confortável/Antiderrapante/Luvas Profissional Luvas De Treinamento Americano/Látex/Grosso,False
1668681710,20221117,14471773624,78,55%,173,9196,2,normal,45,217,[Em estoque]Luva De Goleiro Falcon Flexível E Confortável/Antiderrapante/Luvas Profissional Luvas De Treinamento Americano/Látex/Grosso,False
1668649241,20221117,14471773624,78,55%,173,11196,2,normal,45,217,[Em estoque]Luva De Goleiro Falcon Flexível E Confortável/Antiderrapante/Luvas Profissional Luvas De Treinamento Americano/Látex/Grosso,False
1668641991,20221116,14471773624,78,55%,173,11196,2,normal,45,217,[Em estoque]Luva De Goleiro Falcon Flexível E Confortável/Antiderrapante/Luvas Profissional Luvas De Treinamento Americano/Látex/Grosso,False
1668640689,20221116,14471773624,78,55%,173,11196,2,normal,45,216,[Em estoque]Luva De Goleiro Falcon Flexível E Confortável/Antiderrapante/Luvas Profissional Luvas De Treinamento Americano/Látex/Grosso,False
1668615912,20221116,14471773624,78,55%,173,11197,2,normal,45,216,[Em estoque]Luva De Goleiro Falcon Flexível E Confortável/Antiderrapante/Luvas Profissional Luvas De Treinamento Americano/Látex/Grosso,False
1668597313,20221116,14471773624,78,55%,173,11198,2,normal,45,216,[Em estoque]Luva De Goleiro Falcon Flexível E Confortável/Antiderrapante/Luvas Profissional Luvas De Treinamento Americano/Látex/Grosso,False
1668588447,20221116,14471773624,78,55%,173,11198,2,normal,45,215,[Em estoque]Luva De Goleiro Falcon Flexível E Confortável/Antiderrapante/Luvas Profissional Luvas De Treinamento Americano/Látex/Grosso,False
1668562905,20221116,14471773624,78,55%,173,11258,2,normal,45,215,[Em estoque]Luva De Goleiro Falcon Flexível E Confortável/Antiderrapante/Luvas Profissional Luvas De Treinamento Americano/Látex/Grosso,False
1668550642,20221115,14471773624,78,55%,173,11260,2,normal,45,214,[Em estoque]Luva De Goleiro Falcon Flexível E Confortável/Antiderrapante/Luvas Profissional Luvas De Treinamento Americano/Látex/Grosso,False
1668529590,20221115,14471773624,78,55%,173,11260,2,normal,44,214,[Em estoque]Luva De Goleiro Falcon Flexível E Confortável/Antiderrapante/Luvas Profissional Luvas De Treinamento Americano/Látex/Grosso,False
1668482117,20221115,14471773624,78,55%,173,11258,2,normal,44,214,[Em estoque]Luva De Goleiro Falcon Flexível E Confortável/Antiderrapante/Luvas Profissional Luvas De Treinamento Americano/Látex/Grosso,False
1668476424,20221115,14471773624,78,55%,173,11258,2,normal,44,213,[Em estoque]Luva De Goleiro Falcon Flexível E Confortável/Antiderrapante/Luvas Profissional Luvas De Treinamento Americano/Látex/Grosso,False
1668465880,20221114,14471773624,78,55%,173,11258,2,normal,44,211,[Em estoque]Luva De Goleiro Falcon Flexível E Confortável/Antiderrapante/Luvas Profissional Luvas De Treinamento Americano/Látex/Grosso,False
1668453338,20221114,14471773624,78,55%,173,11258,2,normal,44,210,[Em estoque]Luva De Goleiro Falcon Flexível E Confortável/Antiderrapante/Luvas Profissional Luvas De Treinamento Americano/Látex/Grosso,False
1668450165,20221114,14471773624,78,55%,173,11258,1,normal,44,210,[Em estoque]Luva De Goleiro Falcon Flexível E Confortável/Antiderrapante/Luvas Profissional Luvas De Treinamento Americano/Látex/Grosso,False
1668440627,20221114,14471773624,78,55%,173,11258,1,normal,44,209,[Em estoque]Luva De Goleiro Falcon Flexível E Confortável/Antiderrapante/Luvas Profissional Luvas De Treinamento Americano/Látex/Grosso,False
1668396420,20221114,14471773624,78,55%,173,11258,1,normal,44,208,[Em estoque]Luva De Goleiro Falcon Flexível E Confortável/Antiderrapante/Luvas Profissional Luvas De Treinamento Americano/Látex/Grosso,False
1668390177,20221114,14471773624,78,55%,173,10658,1,normal,44,208,[Em estoque]Luva De Goleiro Falcon Flexível E Confortável/Antiderrapante/Luvas Profissional Luvas De Treinamento Americano/Látex/Grosso,False
1668361261,20221113,14471773624,78,55%,173,10658,1,normal,44,208,[Em estoque]Luva De Goleiro Falcon Flexível E Confortável/Antiderrapante/Luvas Profissional Luvas De Treinamento Americano/Látex/Grosso,False
1668359880,20221113,14471773624,78,55%,173,10657,1,normal,44,208,[Em estoque]Luva De Goleiro Falcon Flexível E Confortável/Antiderrapante/Luvas Profissional Luvas De Treinamento Americano/Látex/Grosso,False
1668303746,20221113,14471773624,78,55%,173,10658,1,normal,44,208,[Em estoque]Luva De Goleiro Falcon Flexível E Confortável/Antiderrapante/Luvas Profissional Luvas De Treinamento Americano/Látex/Grosso,False
1668277328,20221112,14471773624,78,55%,173,10658,1,normal,44,207,[Em estoque]Luva De Goleiro Falcon Flexível E Confortável/Antiderrapante/Luvas Profissional Luvas De Treinamento Americano/Látex/Grosso,False
1668223421,20221112,14471773624,78,55%,173,10657,1,normal,44,207,[Em estoque]Luva De Goleiro Falcon Flexível E Confortável/Antiderrapante/Luvas Profissional Luvas De Treinamento Americano/Látex/Grosso,False
1668217418,20221112,14471773624,78,55%,173,10657,1,normal,44,206,[Em estoque]Luva De Goleiro Falcon Flexível E Confortável/Antiderrapante/Luvas Profissional Luvas De Treinamento Americano/Látex/Grosso,False
1668170480,20221111,14471773624,78,55%,173,10657,1,normal,44,206,[Em estoque]Luva De Goleiro Falcon Flexível E Confortável/Antiderrapante/Luvas Profissional Luvas De Treinamento Americano/Látex/Grosso,False
1668137652,20221111,14471773624,78,55%,173,10656,1,normal,44,206,[Em estoque]Luva De Goleiro Falcon Flexível E Confortável/Antiderrapante/Luvas Profissional Luvas De Treinamento Americano/Látex/Grosso,False
1668131249,20221111,14471773624,78,55%,173,10655,1,normal,44,206,[Em estoque]Luva De Goleiro Falcon Flexível E Confortável/Antiderrapante/Luvas Profissional Luvas De Treinamento Americano/Látex/Grosso,False
1668084094,20221110,14471773624,78,55%,173,10655,1,normal,44,205,[Em estoque]Luva De Goleiro Falcon Flexível E Confortável/Antiderrapante/Luvas Profissional Luvas De Treinamento Americano/Látex/Grosso,False
1668050824,20221110,14471773624,78,55%,173,10656,1,normal,44,205,[Em estoque]Luva De Goleiro Falcon Flexível E Confortável/Antiderrapante/Luvas Profissional Luvas De Treinamento Americano/Látex/Grosso,False
1668044852,20221110,14471773624,78,55%,173,10658,1,normal,44,205,[Em estoque]Luva De Goleiro Falcon Flexível E Confortável/Antiderrapante/Luvas Profissional Luvas De Treinamento Americano/Látex/Grosso,False
1668007238,20221109,14471773624,78,55%,173,10658,1,normal,44,204,[Em estoque]Luva De Goleiro Falcon Flexível E Confortável/Antiderrapante/Luvas Profissional Luvas De Treinamento Americano/Látex/Grosso,False
1668005035,20221109,14471773624,78,55%,173,10658,1,normal,43,204,[Em estoque]Luva De Goleiro Falcon Flexível E Confortável/Antiderrapante/Luvas Profissional Luvas De Treinamento Americano/Látex/Grosso,False
1667965273,20221109,14471773624,78,55%,173,10658,1,normal,43,203,[Em estoque]Luva De Goleiro Falcon Flexível E Confortável/Antiderrapante/Luvas Profissional Luvas De Treinamento Americano/Látex/Grosso,False
1667958876,20221109,14471773624,78,55%,173,10058,1,normal,43,203,[Em estoque]Luva De Goleiro Falcon Flexível E Confortável/Antiderrapante/Luvas Profissional Luvas De Treinamento Americano/Látex/Grosso,False
1667922232,20221108,14471773624,78,55%,173,10058,1,normal,43,203,[Em estoque]Luva De Goleiro Falcon Flexível E Confortável/Antiderrapante/Luvas Profissional Luvas De Treinamento Americano/Látex/Grosso,False
1667871852,20221108,14471773624,78,55%,173,10060,1,normal,43,203,[Em estoque]Luva De Goleiro Falcon Flexível E Confortável/Antiderrapante/Luvas Profissional Luvas De Treinamento Americano/Látex/Grosso,False
1667785476,20221107,14471773624,78,55%,173,10060,1,normal,43,203,[Em estoque]Luva De Goleiro Falcon Flexível E Confortável/Antiderrapante/Luvas Profissional Luvas De Treinamento Americano/Látex/Grosso,False
1667763441,20221106,14471773624,78,55%,173,10060,1,normal,43,203,[Em estoque]Luva De Goleiro Falcon Flexível E Confortável/Antiderrapante/Luvas Profissional Luvas De Treinamento Americano/Látex/Grosso,False
1667699357,20221106,14471773624,78,55%,173,10061,1,normal,43,203,[Em estoque]Luva De Goleiro Falcon Flexível E Confortável/Antiderrapante/Luvas Profissional Luvas De Treinamento Americano/Látex/Grosso,False
1667679718,20221105,14471773624,78,55%,173,10061,1,normal,43,203,[Em estoque]Luva De Goleiro Falcon Flexível E Confortável/Antiderrapante/Luvas Profissional Luvas De Treinamento Americano/Látex/Grosso,False
1667672511,20221105,14471773624,78,55%,173,10062,1,normal,43,203,[Em estoque]Luva De Goleiro Falcon Flexível E Confortável/Antiderrapante/Luvas Profissional Luvas De Treinamento Americano/Látex/Grosso,False
1667612816,20221105,14471773624,78,55%,173,10063,1,normal,43,203,[Em estoque]Luva De Goleiro Falcon Flexível E Confortável/Antiderrapante/Luvas Profissional Luvas De Treinamento Americano/Látex/Grosso,False
1667526883,20221104,14471773624,78,55%,173,10063,1,normal,43,203,[Em estoque]Luva De Goleiro Falcon Flexível E Confortável/Antiderrapante/Luvas Profissional Luvas De Treinamento Americano/Látex/Grosso,False
1667475481,20221103,14471773624,78,55%,173,10063,1,normal,43,203,[Em estoque]Luva De Goleiro Falcon Flexível E Confortável/Antiderrapante/Luvas Profissional Luvas De Treinamento Americano/Látex/Grosso,False
1667440145,20221103,14471773624,78,55%,173,10063,1,normal,43,202,[Em estoque]Luva De Goleiro Falcon Flexível E Confortável/Antiderrapante/Luvas Profissional Luvas De Treinamento Americano/Látex/Grosso,False
1667420366,20221102,14471773624,78,55%,173,10063,1,normal,43,202,[Em estoque]Luva De Goleiro Falcon Flexível E Confortável/Antiderrapante/Luvas Profissional Luvas De Treinamento Americano/Látex/Grosso,False
1667417832,20221102,14471773624,78,55%,173,10063,1,normal,43,201,[Em estoque]Luva De Goleiro Falcon Flexível E Confortável/Antiderrapante/Luvas Profissional Luvas De Treinamento Americano/Látex/Grosso,False
1667403990,20221102,14471773624,78,55%,173,10064,1,normal,43,201,[Em estoque]Luva De Goleiro Falcon Flexível E Confortável/Antiderrapante/Luvas Profissional Luvas De Treinamento Americano/Látex/Grosso,False
1667354513,20221102,14471773624,78,55%,173,10064,1,normal,43,200,[Em estoque]Luva De Goleiro Falcon Flexível E Confortável/Antiderrapante/Luvas Profissional Luvas De Treinamento Americano/Látex/Grosso,False
1667314279,20221101,14471773624,78,55%,173,10064,1,normal,43,200,[Em estoque]Luva De Goleiro Falcon Flexível E Confortável/Antiderrapante/Luvas Profissional Luvas De Treinamento Americano/Látex/Grosso,False
1667288611,20221101,14471773624,78,55%,173,10065,1,normal,43,200,[Em estoque]Luva De Goleiro Falcon Flexível E Confortável/Antiderrapante/Luvas Profissional Luvas De Treinamento Americano/Látex/Grosso,False
1667268783,20221101,14471773624,78,55%,173,10101,1,normal,43,200,[Em estoque]Luva De Goleiro Falcon Flexível E Confortável/Antiderrapante/Luvas Profissional Luvas De Treinamento Americano/Látex/Grosso,False
1667247724,20221031,14471773624,78,55%,173,10101,1,normal,43,200,[Em estoque]Luva De Goleiro Falcon Flexível E Confortável/Antiderrapante/Luvas Profissional Luvas De Treinamento Americano/Látex/Grosso,False
1667237714,20221031,14471773624,78,55%,173,10101,2,normal,43,200,[Em estoque]Luva De Goleiro Falcon Flexível E Confortável/Antiderrapante/Luvas Profissional Luvas De Treinamento Americano/Látex/Grosso,False
1667188431,20221031,14471773624,78,55%,173,10101,2,normal,43,199,[Em estoque]Luva De Goleiro Falcon Flexível E Confortável/Antiderrapante/Luvas Profissional Luvas De Treinamento Americano/Látex/Grosso,False
1667181994,20221031,14471773624,78,56%,173,769,2,normal,43,199,[Em estoque]Luva De Goleiro Falcon Flexível E Confortável/Antiderrapante/Luvas Profissional Luvas De Treinamento Americano/Látex/Grosso,False
1667166057,20221030,14471773624,78,56%,173,769,2,normal,43,198,[Em estoque]Luva De Goleiro Falcon Flexível E Confortável/Antiderrapante/Luvas Profissional Luvas De Treinamento Americano/Látex/Grosso,False
1667095474,20221030,14471773624,78,56%,173,769,2,normal,43,197,[Em estoque]Luva De Goleiro Falcon Flexível E Confortável/Antiderrapante/Luvas Profissional Luvas De Treinamento Americano/Látex/Grosso,False
1667074801,20221029,14471773624,78,56%,173,769,2,normal,43,197,[Em estoque]Luva De Goleiro Falcon Flexível E Confortável/Antiderrapante/Luvas Profissional Luvas De Treinamento Americano/Látex/Grosso,False
1667070912,20221029,14471773624,78,56%,173,769,2,normal,43,196,[Em estoque]Luva De Goleiro Falcon Flexível E Confortável/Antiderrapante/Luvas Profissional Luvas De Treinamento Americano/Látex/Grosso,False
1667007955,20221029,14471773624,78,56%,173,770,2,normal,43,196,[Em estoque]Luva De Goleiro Falcon Flexível E Confortável/Antiderrapante/Luvas Profissional Luvas De Treinamento Americano/Látex/Grosso,False
1666965055,20221028,14471773624,78,56%,173,770,2,normal,43,196,[Em estoque]Luva De Goleiro Falcon Flexível E Confortável/Antiderrapante/Luvas Profissional Luvas De Treinamento Americano/Látex/Grosso,False
1666922464,20221028,14471773624,78,56%,173,770,2,normal,43,195,[Em estoque]Luva De Goleiro Falcon Flexível E Confortável/Antiderrapante/Luvas Profissional Luvas De Treinamento Americano/Látex/Grosso,False
1666910589,20221027,14471773624,78,56%,173,770,2,normal,43,195,[Em estoque]Luva De Goleiro Falcon Flexível E Confortável/Antiderrapante/Luvas Profissional Luvas De Treinamento Americano/Látex/Grosso,False
1666905449,20221027,14471773624,78,56%,173,770,2,normal,43,194,[Em estoque]Luva De Goleiro Falcon Flexível E Confortável/Antiderrapante/Luvas Profissional Luvas De Treinamento Americano/Látex/Grosso,False
1666903408,20221027,14471773624,78,56%,173,770,2,normal,43,193,[Em estoque]Luva De Goleiro Falcon Flexível E Confortável/Antiderrapante/Luvas Profissional Luvas De Treinamento Americano/Látex/Grosso,False
1666835585,20221027,14471773624,78,56%,173,770,2,normal,43,194,[Em estoque]Luva De Goleiro Falcon Flexível E Confortável/Antiderrapante/Luvas Profissional Luvas De Treinamento Americano/Látex/Grosso,False
1666811743,20221026,14471773624,78,56%,173,770,2,normal,43,194,[Em estoque]Luva De Goleiro Falcon Flexível E Confortável/Antiderrapante/Luvas Profissional Luvas De Treinamento Americano/Látex/Grosso,False
1666756377,20221026,14471773624,78,56%,173,770,2,normal,43,193,[Em estoque]Luva De Goleiro Falcon Flexível E Confortável/Antiderrapante/Luvas Profissional Luvas De Treinamento Americano/Látex/Grosso,False
1666749330,20221026,14471773624,78,56%,173,470,2,normal,43,193,[Em estoque]Luva De Goleiro Falcon Flexível E Confortável/Antiderrapante/Luvas Profissional Luvas De Treinamento Americano/Látex/Grosso,False
1666664364,20221025,14471773624,78,56%,173,470,2,normal,43,193,[Em estoque]Luva De Goleiro Falcon Flexível E Confortável/Antiderrapante/Luvas Profissional Luvas De Treinamento Americano/Látex/Grosso,False
1666586401,20221024,14471773624,78,56%,173,470,2,normal,43,193,[Em estoque]Luva De Goleiro Falcon Flexível E Confortável/Antiderrapante/Luvas Profissional Luvas De Treinamento Americano/Látex/Grosso,False
1666578318,20221024,14471773624,78,56%,173,465,2,normal,43,193,[Em estoque]Luva De Goleiro Falcon Flexível E Confortável/Antiderrapante/Luvas Profissional Luvas De Treinamento Americano/Látex/Grosso,False
1666490816,20221023,14471773624,78,56%,173,465,2,normal,43,193,[Em estoque]Luva De Goleiro Falcon Flexível E Confortável/Antiderrapante/Luvas Profissional Luvas De Treinamento Americano/Látex/Grosso,False
1666463192,20221022,14471773624,78,56%,173,465,2,normal,43,193,[Em estoque]Luva De Goleiro Falcon Flexível E Confortável/Antiderrapante/Luvas Profissional Luvas De Treinamento Americano/Látex/Grosso,False
1666442421,20221022,14471773624,78,56%,173,465,2,normal,43,192,[Em estoque]Luva De Goleiro Falcon Flexível E Confortável/Antiderrapante/Luvas Profissional Luvas De Treinamento Americano/Látex/Grosso,False
1666404008,20221022,14471773624,78,56%,173,465,2,normal,43,191,[Em estoque]Luva De Goleiro Falcon Flexível E Confortável/Antiderrapante/Luvas Profissional Luvas De Treinamento Americano/Látex/Grosso,False
