data/master.csv
time,date,itemid,price,discount,price_before_discount,stock,sold,item_status,cmt_count,liked_count,item_name,is_latest
1664036818,20220924,14471773624,78,55%,173,8903,9,normal,41,165,[Em estoque]Luva De Goleiro Falcon Flexível E Confortável/Antiderrapante/Luvas Profissional Luvas De Treinamento Americano/Látex/Grosso,False
1663985386,20220924,14471773624,78,55%,173,8903,9,normal,41,166,[Em estoque]Luva De Goleiro Falcon Flexível E Confortável/Antiderrapante/Luvas Profissional Luvas De Treinamento Americano/Látex/Grosso,False
1663946591,20220923,14471773624,78,55%,173,8903,9,normal,41,166,[Em estoque]Luva De Goleiro Falcon Flexível E Confortável/Antiderrapante/Luvas Profissional Luvas De Treinamento Americano/Látex/Grosso,False
1663943464,20220923,14471773624,78,55%,173,8903,9,normal,41,165,[Em estoque]Luva De Goleiro Falcon Flexível E Confortável/Antiderrapante/Luvas Profissional Luvas De Treinamento Americano/Látex/Grosso,False
1663899063,20220923,14471773624,78,55%,173,8903,9,normal,41,164,[Em estoque]Luva De Goleiro Falcon Flexível E Confortável/Antiderrapante/Luvas Profissional Luvas De Treinamento Americano/Látex/Grosso,False
1663829527,20220922,14471773624,78,55%,173,8903,9,normal,41,164,[Em estoque]Luva De Goleiro Falcon Flexível E Confortável/Antiderrapante/Luvas Profissional Luvas De Treinamento Americano/Látex/Grosso,False
1663812348,20220922,14471773624,78,55%,173,8904,9,normal,41,164,[Em estoque]Luva De Goleiro Falcon Flexível E Confortável/Antiderrapante/Luvas Profissional Luvas De Treinamento Americano/Látex/Grosso,False
1663740567,20220921,14471773624,78,55%,173,8904,9,normal,41,164,[Em estoque]Luva De Goleiro Falcon Flexível E Confortável/Antiderrapante/Luvas Profissional Luvas De Treinamento Americano/Látex/Grosso,False
1663726872,20220921,14471773624,78,55%,173,8904,9,normal,41,163,[Em estoque]Luva De Goleiro Falcon Flexível E Confortável/Antiderrapante/Luvas Profissional Luvas De Treinamento Americano/Látex/Grosso,False
1663684137,20220920,14471773624,78,55%,173,8904,9,normal,41,163,[Em estoque]Luva De Goleiro Falcon Flexível E Confortável/Antiderrapante/Luvas Profissional Luvas De Treinamento Americano/Látex/Grosso,False
1663681993,20220920,14471773624,78,55%,173,8905,9,normal,41,163,[Em estoque]Luva De Goleiro Falcon Flexível E Confortável/Antiderrapante/Luvas Profissional Luvas De Treinamento Americano/Látex/Grosso,False
1663648069,20220920,14471773624,78,55%,173,8905,9,normal,41,164,[Em estoque]Luva De Goleiro Falcon Flexível E Confortável/Antiderrapante/Luvas Profissional Luvas De Treinamento Americano/Látex/Grosso,False
1663639548,20220920,14471773624,78,55%,173,8905,9,normal,41,163,[Em estoque]Luva De Goleiro Falcon Flexível E Confortável/Antiderrapante/Luvas Profissional Luvas De Treinamento Americano/Látex/Grosso,False
1663553677,20220919,14471773624,78,55%,173,8905,9,normal,41,162,[Em estoque]Luva De Goleiro Falcon Flexível E Confortável/Antiderrapante/Luvas Profissional Luvas De Treinamento Americano/Látex/Grosso,False
1663492740,20220918,14471773624,78,55%,173,8905,9,normal,41,162,[Em estoque]Luva De Goleiro Falcon Flexível E Confortável/Antiderrapante/Luvas Profissional Luvas De Treinamento Americano/Látex/Grosso,False
1663467893,20220918,14471773624,78,55%,173,8968,9,normal,41,162,[Em estoque]Luva De Goleiro Falcon Flexível E Confortável/Antiderrapante/Luvas Profissional Luvas De Treinamento Americano/Látex/Grosso,False
1663446048,20220917,14471773624,78,55%,173,8968,9,normal,41,162,[Em estoque]Luva De Goleiro Falcon Flexível E Confortável/Antiderrapante/Luvas Profissional Luvas De Treinamento Americano/Látex/Grosso,False
1663379967,20220917,14471773624,78,55%,173,8968,11,normal,41,162,[Em estoque]Luva De Goleiro Falcon Flexível E Confortável/Antiderrapante/Luvas Profissional Luvas De Treinamento Americano/Látex/Grosso,False
1663294808,20220916,14471773624,78,55%,173,8968,11,normal,41,161,[Em estoque]Luva De Goleiro Falcon Flexível E Confortável/Antiderrapante/Luvas Profissional Luvas De Treinamento Americano/Látex/Grosso,False
1663280440,20220915,14471773624,78,55%,173,8968,11,normal,41,161,[Em estoque]Luva De Goleiro Falcon Flexível E Confortável/Antiderrapante/Luvas Profissional Luvas De Treinamento Americano/Látex/Grosso,False
1663208379,20220915,14471773624,78,55%,173,8968,11,normal,41,160,[Em estoque]Luva De Goleiro Falcon Flexível E Confortável/Antiderrapante/Luvas Profissional Luvas De Treinamento Americano/Látex/Grosso,False
1663148792,20220914,14471773624,78,55%,173,8968,11,normal,41,160,[Em estoque]Luva De Goleiro Falcon Flexível E Confortável/Antiderrapante/Luvas Profissional Luvas De Treinamento Americano/Látex/Grosso,False
1663145615,20220914,14471773624,78,55%,173,8967,11,normal,41,160,[Em estoque]Luva De Goleiro Falcon Flexível E Confortável/Antiderrapante/Luvas Profissional Luvas De Treinamento Americano/Látex/Grosso,False
1663121113,20220914,14471773624,78,55%,173,8968,11,normal,41,160,[Em estoque]Luva De Goleiro Falcon Flexível E Confortável/Antiderrapante/Luvas Profissional Luvas De Treinamento Americano/Látex/Grosso,False
1663097948,20220913,14471773624,78,55%,173,8968,11,normal,41,159,[Em estoque]Luva De Goleiro Falcon Flexível E Confortável/Antiderrapante/Luvas Profissional Luvas De Treinamento Americano/Látex/Grosso,False
1663034977,20220913,14471773624,78,55%,173,8968,10,normal,41,159,[Em estoque]Luva De Goleiro Falcon Flexível E Confortável/Antiderrapante/Luvas Profissional Luvas De Treinamento Americano/Látex/Grosso,False
1662957404,20220912,14471773624,78,55%,173,8968,10,normal,41,159,[Em estoque]Luva De Goleiro Falcon Flexível E Confortável/Antiderrapante/Luvas Profissional Luvas De Treinamento Americano/Látex/Grosso,False
1662948977,20220912,14471773624,78,55%,173,8968,10,normal,41,160,[Em estoque]Luva De Goleiro Falcon Flexível E Confortável/Antiderrapante/Luvas Profissional Luvas De Treinamento Americano/Látex/Grosso,False
1662925086,20220911,14471773624,78,55%,173,8968,10,normal,41,160,[Em estoque]Luva De Goleiro Falcon Flexível E Confortável/Antiderrapante/Luvas Profissional Luvas De Treinamento Americano/Látex/Grosso,False
1662861994,20220911,14471773624,78,55%,173,8968,9,normal,41,160,[Em estoque]Luva De Goleiro Falcon Flexível E Confortável/Antiderrapante/Luvas Profissional Luvas De Treinamento Americano/Látex/Grosso,False
1662851977,20220910,14471773624,78,55%,173,8968,9,normal,41,160,[Em estoque]Luva De Goleiro Falcon Flexível E Confortável/Antiderrapante/Luvas Profissional Luvas De Treinamento Americano/Látex/Grosso,False
1662838685,20220910,14471773624,78,55%,173,8968,9,normal,40,160,[Em estoque]Luva De Goleiro Falcon Flexível E Confortável/Antiderrapante/Luvas Profissional Luvas De Treinamento Americano/Látex/Grosso,False
1662816812,20220910,14471773624,78,55%,173,8968,8,normal,40,160,[Em estoque]Luva De Goleiro Falcon Flexível E Confortável/Antiderrapante/Luvas Profissional Luvas De Treinamento Americano/Látex/Grosso,False
1662775740,20220910,14471773624,78,55%,173,8967,8,normal,40,160,[Em estoque]Luva De Goleiro Falcon Flexível E Confortável/Antiderrapante/Luvas Profissional Luvas De Treinamento Americano/Látex/Grosso,False
1662765739,20220909,14471773624,78,55%,173,8967,8,normal,40,159,[Em estoque]Luva De Goleiro Falcon Flexível E Confortável/Antiderrapante/Luvas Profissional Luvas De Treinamento Americano/Látex/Grosso,False
1662736899,20220909,14471773624,78,55%,173,8967,8,normal,40,158,[Em estoque]Luva De Goleiro Falcon Flexível E Confortável/Antiderrapante/Luvas Profissional Luvas De Treinamento Americano/Látex/Grosso,False
1662731358,20220909,14471773624,78,55%,173,8968,8,normal,40,158,[Em estoque]Luva De Goleiro Falcon Flexível E Confortável/Antiderrapante/Luvas Profissional Luvas De Treinamento Americano/Látex/Grosso,False
1662689395,20220909,14471773624,78,55%,173,8969,8,normal,40,158,[Em estoque]Luva De Goleiro Falcon Flexível E Confortável/Antiderrapante/Luvas Profissional Luvas De Treinamento Americano/Látex/Grosso,False
1662640725,20220908,14471773624,78,55%,173,8969,8,normal,40,158,[Em estoque]Luva De Goleiro Falcon Flexível E Confortável/Antiderrapante/Luvas Profissional Luvas De Treinamento Americano/Látex/Grosso,False
1662602766,20220908,14471773624,78,55%,173,8968,8,normal,40,158,[Em estoque]Luva De Goleiro Falcon Flexível E Confortável/Antiderrapante/Luvas Profissional Luvas De Treinamento Americano/Látex/Grosso,False
1662590624,20220907,14471773624,78,55%,173,8968,8,normal,40,158,[Em estoque]Luva De Goleiro Falcon Flexível E Confortável/Antiderrapante/Luvas Profissional Luvas De Treinamento Americano/Látex/Grosso,False
1662589135,20220907,14471773624,78,55%,173,8969,8,normal,40,158,[Em estoque]Luva De Goleiro Falcon Flexível E Confortável/Antiderrapante/Luvas Profissional Luvas De Treinamento Americano/Látex/Grosso,False
1662579542,20220907,14471773624,78,55%,173,8969,8,normal,40,157,[Em estoque]Luva De Goleiro Falcon Flexível E Confortável/Antiderrapante/Luvas Profissional Luvas De Treinamento Americano/Látex/Grosso,False
1662516553,20220907,14471773624,78,55%,173,8969,6,normal,40,157,[Em estoque]Luva De Goleiro Falcon Flexível E Confortável/Antiderrapante/Luvas Profissional Luvas De Treinamento Americano/Látex/Grosso,False
1662488645,20220906,14471773624,78,55%,173,8969,6,normal,40,157,[Em estoque]Luva De Goleiro Falcon Flexível E Confortável/Antiderrapante/Luvas Profissional Luvas De Treinamento Americano/Látex/Grosso,False
1662430276,20220906,14471773624,78,55%,173,8969,6,normal,39,157,[Em estoque]Luva De Goleiro Falcon Flexível E Confortável/Antiderrapante/Luvas Profissional Luvas De Treinamento Americano/Látex/Grosso,False
1662417758,20220905,14471773624,78,55%,173,8969,6,normal,39,157,[Em estoque]Luva De Goleiro Falcon Flexível E Confortável/Antiderrapante/Luvas Profissional Luvas De Treinamento Americano/Látex/Grosso,False
1662343774,20220905,14471773624,78,55%,173,8969,6,normal,39,158,[Em estoque]Luva De Goleiro Falcon Flexível E Confortável/Antiderrapante/Luvas Profissional Luvas De Treinamento Americano/Látex/Grosso,False
1662320223,20220904,14471773624,78,55%,173,8969,6,normal,39,158,[Em estoque]Luva De Goleiro Falcon Flexível E Confortável/Antiderrapante/Luvas Profissional Luvas De Treinamento Americano/Látex/Grosso,False
1662313297,20220904,14471773624,78,55%,173,8969,5,normal,39,158,[Em estoque]Luva De Goleiro Falcon Flexível E Confortável/Antiderrapante/Luvas Profissional Luvas De Treinamento Americano/Látex/Grosso,False
1662256971,20220904,14471773624,78,55%,173,8969,5,normal,39,159,[Em estoque]Luva De Goleiro Falcon Flexível E Confortável/Antiderrapante/Luvas Profissional Luvas De Treinamento Americano/Látex/Grosso,False
1662233826,20220903,14471773624,78,55%,173,8969,5,normal,39,159,[Em estoque]Luva De Goleiro Falcon Flexível E Confortável/Antiderrapante/Luvas Profissional Luvas De Treinamento Americano/Látex/Grosso,False
1662170749,20220903,14471773624,78,55%,173,8969,6,normal,39,159,[Em estoque]Luva De Goleiro Falcon Flexível E Confortável/Antiderrapante/Luvas Profissional Luvas De Treinamento Americano/Látex/Grosso,False
1662149999,20220902,14471773624,78,55%,173,8969,6,normal,39,159,[Em estoque]Luva De Goleiro Falcon Flexível E Confortável/Antiderrapante/Luvas Profissional Luvas De Treinamento Americano/Látex/Grosso,False
1662092744,20220902,14471773624,78,55%,173,8969,8,normal,39,159,[Em estoque]Luva De Goleiro Falcon Flexível E Confortável/Antiderrapante/Luvas Profissional Luvas De Treinamento Americano/Látex/Grosso,False
1662084123,20220902,14471773624,78,55%,173,8969,8,normal,39,158,[Em estoque]Luva De Goleiro Falcon Flexível E Confortável/Antiderrapante/Luvas Profissional Luvas De Treinamento Americano/Látex/Grosso,False
1662023923,20220901,14471773624,78,55%,173,8969,8,normal,39,158,[Em estoque]Luva De Goleiro Falcon Flexível E Confortável/Antiderrapante/Luvas Profissional Luvas De Treinamento Americano/Látex/Grosso,False
1662022240,20220901,14471773624,173,,0,8969,8,normal,39,158,[Em estoque]Luva De Goleiro Falcon Flexível E Confortável/Antiderrapante/Luvas Profissional Luvas De Treinamento Americano/Látex/Grosso,False
1662020794,20220901,14471773624,173,,0,8969,8,normal,39,158,[Em estoque]Luva De Goleiro Falcon Flexível E Confortável/Antiderrapante/Luvas Profissional Luvas De Treinamento Americano/Látex/Grosso,False
1662018076,20220901,14471773624,173,,0,8969,8,normal,39,158,[Em estoque]Luva De Goleiro Falcon Flexível E Confortável/Antiderrapante/Luvas Profissional Luvas De Treinamento Americano/Látex/Grosso,False
1662016802,20220901,14471773624,173,,0,8969,8,normal,39,158,[Em estoque]Luva De Goleiro Falcon Flexível E Confortável/Antiderrapante/Luvas Profissional Luvas De Treinamento Americano/Látex/Grosso,False
1662013880,20220901,14471773624,173,,0,8969,8,normal,39,158,[Em estoque]Luva De Goleiro Falcon Flexível E Confortável/Antiderrapante/Luvas Profissional Luvas De Treinamento Americano/Látex/Grosso,False
1662010681,20220901,14471773624,173,,0,8969,8,normal,39,158,[Em estoque]Luva De Goleiro Falcon Flexível E Confortável/Antiderrapante/Luvas Profissional Luvas De Treinamento Americano/Látex/Grosso,False
1662005317,20220901,14471773624,173,,0,8969,8,normal,39,158,[Em estoque]Luva De Goleiro Falcon Flexível E Confortável/Antiderrapante/Luvas Profissional Luvas De Treinamento Americano/Látex/Grosso,False
1661997343,20220901,14471773624,78,55%,173,8969,8,normal,39,158,[Em estoque]Luva De Goleiro Falcon Flexível E Confortável/Antiderrapante/Luvas Profissional Luvas De Treinamento Americano/Látex/Grosso,False
1661974652,20220831,14471773624,78,55%,173,8969,8,normal,39,158,[Em estoque]Luva De Goleiro Falcon Flexível E Confortável/Antiderrapante/Luvas Profissional Luvas De Treinamento Americano/Látex/Grosso,False
1661912572,20220831,14471773624,78,55%,173,8969,7,normal,39,158,[Em estoque]Luva De Goleiro Falcon Flexível E Confortável/Antiderrapante/Luvas Profissional Luvas De Treinamento Americano/Látex/Grosso,False
1661883800,20220830,14471773624,78,55%,173,8969,7,normal,39,158,[Em estoque]Luva De Goleiro Falcon Flexível E Confortável/Antiderrapante/Luvas Profissional Luvas De Treinamento Americano/Látex/Grosso,False
1661825690,20220830,14471773624,78,55%,173,8969,7,normal,38,158,[Em estoque]Luva De Goleiro Falcon Flexível E Confortável/Antiderrapante/Luvas Profissional Luvas De Treinamento Americano/Látex/Grosso,False
1661804402,20220829,14471773624,78,55%,173,8969,7,normal,38,158,[Em estoque]Luva De Goleiro Falcon Flexível E Confortável/Antiderrapante/Luvas Profissional Luvas De Treinamento Americano/Látex/Grosso,False
1661746935,20220829,14471773624,78,55%,173,8969,8,normal,38,158,[Em estoque]Luva De Goleiro Falcon Flexível E Confortável/Antiderrapante/Luvas Profissional Luvas De Treinamento Americano/Látex/Grosso,False
1661738921,20220829,14471773624,78,55%,173,8969,8,normal,38,157,[Em estoque]Luva De Goleiro Falcon Flexível E Confortável/Antiderrapante/Luvas Profissional Luvas De Treinamento Americano/Látex/Grosso,False
1661728695,20220828,14471773624,78,55%,173,8969,8,normal,38,157,[Em estoque]Luva De Goleiro Falcon Flexível E Confortável/Antiderrapante/Luvas Profissional Luvas De Treinamento Americano/Látex/Grosso,False
1661652676,20220828,14471773624,78,55%,173,8969,8,normal,38,156,[Em estoque]Luva De Goleiro Falcon Flexível E Confortável/Antiderrapante/Luvas Profissional Luvas De Treinamento Americano/Látex/Grosso,False
1661596928,20220827,14471773624,78,55%,173,8969,8,normal,38,156,[Em estoque]Luva De Goleiro Falcon Flexível E Confortável/Antiderrapante/Luvas Profissional Luvas De Treinamento Americano/Látex/Grosso,False
1661584603,20220827,14471773624,78,55%,173,8969,8,normal,38,155,[Em estoque]Luva De Goleiro Falcon Flexível E Confortável/Antiderrapante/Luvas Profissional Luvas De Treinamento Americano/Látex/Grosso,False
1661582845,20220827,14471773624,78,55%,173,8968,8,normal,38,155,[Em estoque]Luva De Goleiro Falcon Flexível E Confortável/Antiderrapante/Luvas Profissional Luvas De Treinamento Americano/Látex/Grosso,False
1661577078,20220827,14471773624,78,55%,173,8968,8,normal,38,154,[Em estoque]Luva De Goleiro Falcon Flexível E Confortável/Antiderrapante/Luvas Profissional Luvas De Treinamento Americano/Látex/Grosso,False
1661565768,20220827,14471773624,78,55%,173,8968,8,normal,38,153,[Em estoque]Luva De Goleiro Falcon Flexível E Confortável/Antiderrapante/Luvas Profissional Luvas De Treinamento Americano/Látex/Grosso,False
1661545189,20220826,14471773624,78,55%,173,8968,8,normal,38,152,[Em estoque]Luva De Goleiro Falcon Flexível E Confortável/Antiderrapante/Luvas Profissional Luvas De Treinamento Americano/Látex/Grosso,False
1661527272,20220826,14471773624,78,55%,173,8968,10,normal,38,152,[Em estoque]Luva De Goleiro Falcon Flexível E Confortável/Antiderrapante/Luvas Profissional Luvas De Treinamento Americano/Látex/Grosso,False
1661523446,20220826,14471773624,78,55%,173,8995,10,normal,38,152,[Em estoque]Luva De Goleiro Falcon Flexível E Confortável/Antiderrapante/Luvas Profissional Luvas De Treinamento Americano/Látex/Grosso,False
1661520994,20220826,14471773624,78,55%,173,8995,10,normal,38,151,[Em estoque]Luva De Goleiro Falcon Flexível E Confortável/Antiderrapante/Luvas Profissional Luvas De Treinamento Americano/Látex/Grosso,False
1661498570,20220826,14471773624,78,55%,173,8995,10,normal,38,149,[Em estoque]Luva De Goleiro Falcon Flexível E Confortável/Antiderrapante/Luvas Profissional Luvas De Treinamento Americano/Látex/Grosso,False
1661488036,20220826,14471773624,78,58%,173,2719,10,normal,38,149,[Em estoque]Luva De Goleiro Falcon Flexível E Confortável/Antiderrapante/Luvas Profissional Luvas De Treinamento Americano/Látex/Grosso,False
1661479413,20220826,14471773624,78,58%,173,2719,10,normal,38,147,[Em estoque]Luva De Goleiro Falcon Flexível E Confortável/Antiderrapante/Luvas Profissional Luvas De Treinamento Americano/Látex/Grosso,False
