data/master.csv
time,date,itemid,price,discount,price_before_discount,stock,sold,item_status,cmt_count,liked_count,item_name,is_latest
1657059418,20220705,14471773624,78,55%,173,9130,18,normal,26,103,[Em estoque]Luva De Goleiro Falcon Flexível E Confortável/Antiderrapante/Luvas Profissional Luvas De Treinamento Americano/Látex/Grosso,False
1657048462,20220705,14471773624,78,55%,173,9130,18,normal,25,103,[Em estoque]Luva De Goleiro Falcon Flexível E Confortável/Antiderrapante/Luvas Profissional Luvas De Treinamento Americano/Látex/Grosso,False
1657043093,20220705,14471773624,78,55%,173,9129,18,normal,25,103,[Em estoque]Luva De Goleiro Falcon Flexível E Confortável/Antiderrapante/Luvas Profissional Luvas De Treinamento Americano/Látex/Grosso,False
1657038645,20220705,14471773624,78,55%,173,9129,18,normal,25,102,[Em estoque]Luva De Goleiro Falcon Flexível E Confortável/Antiderrapante/Luvas Profissional Luvas De Treinamento Americano/Látex/Grosso,False
1656985750,20220705,14471773624,78,55%,173,9129,18,normal,25,101,[Em estoque]Luva De Goleiro Falcon Flexível E Confortável/Antiderrapante/Luvas Profissional Luvas De Treinamento Americano/Látex/Grosso,False
1656965907,20220704,14471773624,78,55%,173,9129,18,normal,25,101,[Em estoque]Luva De Goleiro Falcon Flexível E Confortável/Antiderrapante/Luvas Profissional Luvas De Treinamento Americano/Látex/Grosso,False
1656962147,20220704,14471773624,78,55%,173,9130,18,normal,25,101,[Em estoque]Luva De Goleiro Falcon Flexível E Confortável/Antiderrapante/Luvas Profissional Luvas De Treinamento Americano/Látex/Grosso,False
1656949430,20220704,14471773624,78,55%,173,9131,18,normal,25,101,[Em estoque]Luva De Goleiro Falcon Flexível E Confortável/Antiderrapante/Luvas Profissional Luvas De Treinamento Americano/Látex/Grosso,False
1656944232,20220704,14471773624,78,55%,173,9131,18,normal,25,100,[Em estoque]Luva De Goleiro Falcon Flexível E Confortável/Antiderrapante/Luvas Profissional Luvas De Treinamento Americano/Látex/Grosso,False
1656899921,20220704,14471773624,78,55%,173,8891,18,normal,25,100,[Em estoque]Luva De Goleiro Falcon Flexível E Confortável/Antiderrapante/Luvas Profissional Luvas De Treinamento Americano/Látex/Grosso,False
1656886578,20220703,14471773624,78,55%,173,8891,18,normal,25,98,[Em estoque]Luva De Goleiro Falcon Flexível E Confortável/Antiderrapante/Luvas Profissional Luvas De Treinamento Americano/Látex/Grosso,False
1656875624,20220703,14471773624,78,55%,173,8892,18,normal,25,98,[Em estoque]Luva De Goleiro Falcon Flexível E Confortável/Antiderrapante/Luvas Profissional Luvas De Treinamento Americano/Látex/Grosso,False
1656862879,20220703,14471773624,78,55%,173,8893,18,normal,25,98,[Em estoque]Luva De Goleiro Falcon Flexível E Confortável/Antiderrapante/Luvas Profissional Luvas De Treinamento Americano/Látex/Grosso,False
1656826645,20220703,14471773624,134,55%,299,8869,18,normal,25,98,[Em estoque]Luva De Goleiro Falcon Flexível E Confortável/Antiderrapante/Luvas Profissional Luvas De Treinamento Americano/Látex/Grosso,False
1656822533,20220703,14471773624,134,55%,299,8869,18,normal,25,99,[Em estoque]Luva De Goleiro Falcon Flexível E Confortável/Antiderrapante/Luvas Profissional Luvas De Treinamento Americano/Látex/Grosso,False
1656813341,20220703,14471773624,134,55%,299,8870,18,normal,25,99,[Em estoque]Luva De Goleiro Falcon Flexível E Confortável/Antiderrapante/Luvas Profissional Luvas De Treinamento Americano/Látex/Grosso,False
1656780742,20220702,14471773624,134,55%,299,8871,18,normal,25,99,[Em estoque]Luva De Goleiro Falcon Flexível E Confortável/Antiderrapante/Luvas Profissional Luvas De Treinamento Americano/Látex/Grosso,False
1656726363,20220702,14471773624,134,55%,299,8871,17,normal,25,99,[Em estoque]Luva De Goleiro Falcon Flexível E Confortável/Antiderrapante/Luvas Profissional Luvas De Treinamento Americano/Látex/Grosso,False
1656715202,20220701,14471773624,134,55%,299,8871,17,normal,25,99,[Em estoque]Luva De Goleiro Falcon Flexível E Confortável/Antiderrapante/Luvas Profissional Luvas De Treinamento Americano/Látex/Grosso,False
1656647895,20220701,14471773624,134,55%,299,8871,17,normal,24,99,[Em estoque]Luva De Goleiro Falcon Flexível E Confortável/Antiderrapante/Luvas Profissional Luvas De Treinamento Americano/Látex/Grosso,False
1656640768,20220701,14471773624,134,55%,299,8871,17,normal,24,98,[Em estoque]Luva De Goleiro Falcon Flexível E Confortável/Antiderrapante/Luvas Profissional Luvas De Treinamento Americano/Látex/Grosso,False
1656608693,20220630,14471773624,134,55%,299,8871,17,normal,23,98,[Em estoque]Luva De Goleiro Falcon Flexível E Confortável/Antiderrapante/Luvas Profissional Luvas De Treinamento Americano/Látex/Grosso,False
1656564033,20220630,14471773624,134,55%,299,8871,19,normal,23,98,[Em estoque]Luva De Goleiro Falcon Flexível E Confortável/Antiderrapante/Luvas Profissional Luvas De Treinamento Americano/Látex/Grosso,False
1656560609,20220630,14471773624,134,55%,299,8871,19,normal,23,97,[Em estoque]Luva De Goleiro Falcon Flexível E Confortável/Antiderrapante/Luvas Profissional Luvas De Treinamento Americano/Látex/Grosso,False
1656553813,20220630,14471773624,134,55%,299,8872,19,normal,23,96,[Em estoque]Luva De Goleiro Falcon Flexível E Confortável/Antiderrapante/Luvas Profissional Luvas De Treinamento Americano/Látex/Grosso,False
1656521129,20220629,14471773624,134,55%,299,8872,19,normal,23,96,[Em estoque]Luva De Goleiro Falcon Flexível E Confortável/Antiderrapante/Luvas Profissional Luvas De Treinamento Americano/Látex/Grosso,False
1656509893,20220629,14471773624,134,55%,299,8872,18,normal,23,96,[Em estoque]Luva De Goleiro Falcon Flexível E Confortável/Antiderrapante/Luvas Profissional Luvas De Treinamento Americano/Látex/Grosso,False
1656467472,20220629,14471773624,134,55%,299,8872,18,normal,23,95,[Em estoque]Luva De Goleiro Falcon Flexível E Confortável/Antiderrapante/Luvas Profissional Luvas De Treinamento Americano/Látex/Grosso,False
1656438235,20220628,14471773624,134,55%,299,8872,18,normal,22,95,[Em estoque]Luva De Goleiro Falcon Flexível E Confortável/Antiderrapante/Luvas Profissional Luvas De Treinamento Americano/Látex/Grosso,False
1656433778,20220628,14471773624,134,55%,299,8872,18,normal,21,95,[Em estoque]Luva De Goleiro Falcon Flexível E Confortável/Antiderrapante/Luvas Profissional Luvas De Treinamento Americano/Látex/Grosso,False
1656380967,20220628,14471773624,134,55%,299,8872,16,normal,21,95,[Em estoque]Luva De Goleiro Falcon Flexível E Confortável/Antiderrapante/Luvas Profissional Luvas De Treinamento Americano/Látex/Grosso,False
1656354292,20220627,14471773624,134,55%,299,8872,16,normal,21,95,[Em estoque]Luva De Goleiro Falcon Flexível E Confortável/Antiderrapante/Luvas Profissional Luvas De Treinamento Americano/Látex/Grosso,False
1656294766,20220627,14471773624,134,55%,299,8872,16,normal,20,95,[Em estoque]Luva De Goleiro Falcon Flexível E Confortável/Antiderrapante/Luvas Profissional Luvas De Treinamento Americano/Látex/Grosso,False
1656260584,20220626,14471773624,134,55%,299,8872,16,normal,20,94,[Em estoque]Luva De Goleiro Falcon Flexível E Confortável/Antiderrapante/Luvas Profissional Luvas De Treinamento Americano/Látex/Grosso,False
1656208341,20220626,14471773624,134,55%,299,8872,17,normal,20,94,[Em estoque]Luva De Goleiro Falcon Flexível E Confortável/Antiderrapante/Luvas Profissional Luvas De Treinamento Americano/Látex/Grosso,False
1656191686,20220625,14471773624,134,55%,299,8872,17,normal,20,94,[Em estoque]Luva De Goleiro Falcon Flexível E Confortável/Antiderrapante/Luvas Profissional Luvas De Treinamento Americano/Látex/Grosso,False
1656178721,20220625,14471773624,134,55%,299,8872,17,normal,19,94,[Em estoque]Luva De Goleiro Falcon Flexível E Confortável/Antiderrapante/Luvas Profissional Luvas De Treinamento Americano/Látex/Grosso,False
1656121726,20220625,14471773624,134,55%,299,8872,19,normal,19,94,[Em estoque]Luva De Goleiro Falcon Flexível E Confortável/Antiderrapante/Luvas Profissional Luvas De Treinamento Americano/Látex/Grosso,False
1656098061,20220624,14471773624,134,55%,299,8872,19,normal,19,93,[Em estoque]Luva De Goleiro Falcon Flexível E Confortável/Antiderrapante/Luvas Profissional Luvas De Treinamento Americano/Látex/Grosso,False
1656092554,20220624,14471773624,134,55%,299,8872,19,normal,19,94,[Em estoque]Luva De Goleiro Falcon Flexível E Confortável/Antiderrapante/Luvas Profissional Luvas De Treinamento Americano/Látex/Grosso,False
1656087995,20220624,14471773624,134,55%,299,8872,19,normal,19,93,[Em estoque]Luva De Goleiro Falcon Flexível E Confortável/Antiderrapante/Luvas Profissional Luvas De Treinamento Americano/Látex/Grosso,False
1656035103,20220624,14471773624,134,55%,299,8872,20,normal,18,93,[Em estoque]Luva De Goleiro Falcon Flexível E Confortável/Antiderrapante/Luvas Profissional Luvas De Treinamento Americano/Látex/Grosso,False
1656006270,20220623,14471773624,134,55%,299,8872,20,normal,18,93,[Em estoque]Luva De Goleiro Falcon Flexível E Confortável/Antiderrapante/Luvas Profissional Luvas De Treinamento Americano/Látex/Grosso,False
1655948632,20220623,14471773624,134,55%,299,8872,23,normal,18,93,[Em estoque]Luva De Goleiro Falcon Flexível E Confortável/Antiderrapante/Luvas Profissional Luvas De Treinamento Americano/Látex/Grosso,False
1655939868,20220622,14471773624,134,55%,299,8872,23,normal,18,93,[Em estoque]Luva De Goleiro Falcon Flexível E Confortável/Antiderrapante/Luvas Profissional Luvas De Treinamento Americano/Látex/Grosso,False
1655869009,20220622,14471773624,134,55%,299,8873,23,normal,18,93,[Em estoque]Luva De Goleiro Falcon Flexível E Confortável/Antiderrapante/Luvas Profissional Luvas De Treinamento Americano/Látex/Grosso,False
1655862800,20220622,14471773624,134,55%,299,8873,23,normal,18,92,[Em estoque]Luva De Goleiro Falcon Flexível E Confortável/Antiderrapante/Luvas Profissional Luvas De Treinamento Americano/Látex/Grosso,False
1655828961,20220621,14471773624,134,55%,299,8873,23,normal,18,92,[Em estoque]Luva De Goleiro Falcon Flexível E Confortável/Antiderrapante/Luvas Profissional Luvas De Treinamento Americano/Látex/Grosso,False
1655786259,20220621,14471773624,134,55%,299,8873,22,normal,18,91,[Em estoque]Luva De Goleiro Falcon Flexível E Confortável/Antiderrapante/Luvas Profissional Luvas De Treinamento Americano/Látex/Grosso,False
1655775924,20220621,14471773624,134,55%,299,8873,22,normal,18,92,[Em estoque]Luva De Goleiro Falcon Flexível E Confortável/Antiderrapante/Luvas Profissional Luvas De Treinamento Americano/Látex/Grosso,False
1655763427,20220620,14471773624,134,55%,299,8874,22,normal,18,92,[Em estoque]Luva De Goleiro Falcon Flexível E Confortável/Antiderrapante/Luvas Profissional Luvas De Treinamento Americano/Látex/Grosso,False
1655756677,20220620,14471773624,134,55%,299,8874,22,normal,18,93,[Em estoque]Luva De Goleiro Falcon Flexível E Confortável/Antiderrapante/Luvas Profissional Luvas De Treinamento Americano/Látex/Grosso,False
1655742548,20220620,14471773624,134,55%,299,8874,22,normal,17,93,[Em estoque]Luva De Goleiro Falcon Flexível E Confortável/Antiderrapante/Luvas Profissional Luvas De Treinamento Americano/Látex/Grosso,False
1655689426,20220620,14471773624,134,55%,299,8874,21,normal,17,93,[Em estoque]Luva De Goleiro Falcon Flexível E Confortável/Antiderrapante/Luvas Profissional Luvas De Treinamento Americano/Látex/Grosso,False
1655673339,20220619,14471773624,134,55%,299,8874,21,normal,17,93,[Em estoque]Luva De Goleiro Falcon Flexível E Confortável/Antiderrapante/Luvas Profissional Luvas De Treinamento Americano/Látex/Grosso,False
1655671195,20220619,14471773624,134,55%,299,8874,21,normal,17,92,[Em estoque]Luva De Goleiro Falcon Flexível E Confortável/Antiderrapante/Luvas Profissional Luvas De Treinamento Americano/Látex/Grosso,False
1655653270,20220619,14471773624,134,55%,299,8874,21,normal,17,91,[Em estoque]Luva De Goleiro Falcon Flexível E Confortável/Antiderrapante/Luvas Profissional Luvas De Treinamento Americano/Látex/Grosso,False
1655610016,20220619,14471773624,134,55%,299,8874,21,normal,17,92,[Em estoque]Luva De Goleiro Falcon Flexível E Confortável/Antiderrapante/Luvas Profissional Luvas De Treinamento Americano/Látex/Grosso,False
1655603318,20220619,14471773624,134,55%,299,8874,21,normal,17,90,[Em estoque]Luva De Goleiro Falcon Flexível E Confortável/Antiderrapante/Luvas Profissional Luvas De Treinamento Americano/Látex/Grosso,False
1655569416,20220618,14471773624,134,55%,299,8874,21,normal,17,90,[Em estoque]Luva De Goleiro Falcon Flexível E Confortável/Antiderrapante/Luvas Profissional Luvas De Treinamento Americano/Látex/Grosso,False
1655516598,20220618,14471773624,134,55%,299,8874,22,normal,17,90,[Em estoque]Luva De Goleiro Falcon Flexível E Confortável/Antiderrapante/Luvas Profissional Luvas De Treinamento Americano/Látex/Grosso,False
1655452791,20220617,14471773624,134,55%,299,8874,22,normal,17,90,[Em estoque]Luva De Goleiro Falcon Flexível E Confortável/Antiderrapante/Luvas Profissional Luvas De Treinamento Americano/Látex/Grosso,False
1654073179,20220601,14471773624,134,55%,299,8880,26,normal,13,81,[Em estoque]Luva De Goleiro Falcon Flexível E Confortável/Antiderrapante/Luvas Profissional Luvas De Treinamento Americano/Látex/Grosso,False
1669674028,20221128,15538395933,118,43%,208,9576,91,normal,533,2774,24 Peças Suporte A Vácuo Anti-Celulite Acupuntura Massagem Com Ventosa,True
1669664318,20221128,15538395933,118,43%,208,9577,91,normal,533,2773,24 Peças Suporte A Vácuo Anti-Celulite Acupuntura Massagem Com Ventosa,False
1669655969,20221128,15538395933,118,43%,208,9607,95,normal,533,2773,24 Peças Suporte A Vácuo Anti-Celulite Acupuntura Massagem Com Ventosa,False
1669606514,20221128,15538395933,118,43%,208,9608,95,normal,533,2773,24 Peças Suporte A Vácuo Anti-Celulite Acupuntura Massagem Com Ventosa,False
1669604381,20221128,15538395933,118,43%,208,9607,95,normal,533,2773,24 Peças Suporte A Vácuo Anti-Celulite Acupuntura Massagem Com Ventosa,False
1669600042,20221128,15538395933,118,43%,208,9507,95,normal,533,2773,24 Peças Suporte A Vácuo Anti-Celulite Acupuntura Massagem Com Ventosa,False
1669581560,20221127,15538395933,118,43%,208,9506,95,normal,533,2773,24 Peças Suporte A Vácuo Anti-Celulite Acupuntura Massagem Com Ventosa,False
1669580438,20221127,15538395933,118,43%,208,9506,95,normal,533,2772,24 Peças Suporte A Vácuo Anti-Celulite Acupuntura Massagem Com Ventosa,False
1669577887,20221127,15538395933,118,43%,208,9505,95,normal,533,2772,24 Peças Suporte A Vácuo Anti-Celulite Acupuntura Massagem Com Ventosa,False
1669574579,20221127,15538395933,118,43%,208,9505,101,normal,533,2772,24 Peças Suporte A Vácuo Anti-Celulite Acupuntura Massagem Com Ventosa,False
1669573459,20221127,15538395933,118,43%,208,9504,101,normal,533,2772,24 Peças Suporte A Vácuo Anti-Celulite Acupuntura Massagem Com Ventosa,False
1669569460,20221127,15538395933,118,43%,208,9505,101,normal,533,2772,24 Peças Suporte A Vácuo Anti-Celulite Acupuntura Massagem Com Ventosa,False
1669567827,20221127,15538395933,118,43%,208,9506,101,normal,533,2771,24 Peças Suporte A Vácuo Anti-Celulite Acupuntura Massagem Com Ventosa,False
1669566481,20221127,15538395933,118,43%,208,9506,101,normal,533,2772,24 Peças Suporte A Vácuo Anti-Celulite Acupuntura Massagem Com Ventosa,False
1669563593,20221127,15538395933,118,43%,208,9507,101,normal,533,2770,24 Peças Suporte A Vácuo Anti-Celulite Acupuntura Massagem Com Ventosa,False
1669555541,20221127,15538395933,118,43%,208,9507,101,normal,533,2769,24 Peças Suporte A Vácuo Anti-Celulite Acupuntura Massagem Com Ventosa,False
1669547811,20221127,15538395933,118,43%,208,9507,101,normal,532,2769,24 Peças Suporte A Vácuo Anti-Celulite Acupuntura Massagem Com Ventosa,False
1669540733,20221127,15538395933,118,43%,208,9508,101,normal,532,2768,24 Peças Suporte A Vácuo Anti-Celulite Acupuntura Massagem Com Ventosa,False
1669538543,20221127,15538395933,113,45%,208,6,101,normal,532,2768,24 Peças Suporte A Vácuo Anti-Celulite Acupuntura Massagem Com Ventosa,False
1669534687,20221127,15538395933,113,45%,208,7,101,normal,532,2768,24 Peças Suporte A Vácuo Anti-Celulite Acupuntura Massagem Com Ventosa,False
1669530324,20221127,15538395933,113,45%,208,8,101,normal,532,2768,24 Peças Suporte A Vácuo Anti-Celulite Acupuntura Massagem Com Ventosa,False
1669526305,20221127,15538395933,113,45%,208,8,101,normal,532,2766,24 Peças Suporte A Vácuo Anti-Celulite Acupuntura Massagem Com Ventosa,False
1669523115,20221127,15538395933,113,45%,208,8,101,normal,532,2762,24 Peças Suporte A Vácuo Anti-Celulite Acupuntura Massagem Com Ventosa,False
1669521101,20221127,15538395933,113,45%,208,9,101,normal,532,2760,24 Peças Suporte A Vácuo Anti-Celulite Acupuntura Massagem Com Ventosa,False
1669518579,20221127,15538395933,113,45%,208,10,101,normal,532,2760,24 Peças Suporte A Vácuo Anti-Celulite Acupuntura Massagem Com Ventosa,False
1669514073,20221127,15538395933,118,43%,208,9503,101,normal,532,2758,24 Peças Suporte A Vácuo Anti-Celulite Acupuntura Massagem Com Ventosa,False
1669497460,20221126,15538395933,118,43%,208,9504,101,normal,532,2758,24 Peças Suporte A Vácuo Anti-Celulite Acupuntura Massagem Com Ventosa,False
1669494041,20221126,15538395933,118,43%,208,9505,101,normal,532,2758,24 Peças Suporte A Vácuo Anti-Celulite Acupuntura Massagem Com Ventosa,False
1669491491,20221126,15538395933,118,43%,208,9507,101,normal,532,2758,24 Peças Suporte A Vácuo Anti-Celulite Acupuntura Massagem Com Ventosa,False
1669488167,20221126,15538395933,118,43%,208,9508,106,normal,532,2758,24 Peças Suporte A Vácuo Anti-Celulite Acupuntura Massagem Com Ventosa,False
1669476004,20221126,15538395933,118,43%,208,9509,106,normal,532,2757,24 Peças Suporte A Vácuo Anti-Celulite Acupuntura Massagem Com Ventosa,False
1669466184,20221126,15538395933,118,43%,208,9509,106,normal,532,2756,24 Peças Suporte A Vácuo Anti-Celulite Acupuntura Massagem Com Ventosa,False
1669461382,20221126,15538395933,118,43%,208,9509,106,normal,531,2756,24 Peças Suporte A Vácuo Anti-Celulite Acupuntura Massagem Com Ventosa,False
