data/master.csv
time,date,itemid,price,discount,price_before_discount,stock,sold,item_status,cmt_count,liked_count,item_name,is_latest
1669443899,20221126,15538395933,118,43%,208,9510,106,normal,531,2756,24 Peças Suporte A Vácuo Anti-Celulite Acupuntura Massagem Com Ventosa,False
1669434245,20221126,15538395933,118,43%,208,9511,106,normal,531,2756,24 Peças Suporte A Vácuo Anti-Celulite Acupuntura Massagem Com Ventosa,False
1669433231,20221126,15538395933,118,43%,208,9510,106,normal,531,2755,24 Peças Suporte A Vácuo Anti-Celulite Acupuntura Massagem Com Ventosa,False
1669431158,20221126,15538395933,113,45%,208,1992,106,normal,531,2755,24 Peças Suporte A Vácuo Anti-Celulite Acupuntura Massagem Com Ventosa,False
1669427068,20221126,15538395933,113,45%,208,1994,106,normal,531,2755,24 Peças Suporte A Vácuo Anti-Celulite Acupuntura Massagem Com Ventosa,False
1669419591,20221125,15538395933,113,45%,208,1996,106,normal,531,2755,24 Peças Suporte A Vácuo Anti-Celulite Acupuntura Massagem Com Ventosa,False
1669416001,20221125,15538395933,113,45%,208,1996,106,normal,531,2754,24 Peças Suporte A Vácuo Anti-Celulite Acupuntura Massagem Com Ventosa,False
1669412308,20221125,15538395933,113,45%,208,1997,106,normal,531,2754,24 Peças Suporte A Vácuo Anti-Celulite Acupuntura Massagem Com Ventosa,False
1669411098,20221125,15538395933,113,45%,208,1997,106,normal,531,2753,24 Peças Suporte A Vácuo Anti-Celulite Acupuntura Massagem Com Ventosa,False
1669403761,20221125,15538395933,113,45%,208,1997,106,normal,531,2751,24 Peças Suporte A Vácuo Anti-Celulite Acupuntura Massagem Com Ventosa,False
1669401849,20221125,15538395933,113,45%,208,1997,106,normal,531,2750,24 Peças Suporte A Vácuo Anti-Celulite Acupuntura Massagem Com Ventosa,False
1669400746,20221125,15538395933,113,45%,208,1998,106,normal,531,2749,24 Peças Suporte A Vácuo Anti-Celulite Acupuntura Massagem Com Ventosa,False
1669397940,20221125,15538395933,113,45%,208,1998,106,normal,531,2747,24 Peças Suporte A Vácuo Anti-Celulite Acupuntura Massagem Com Ventosa,False
1669396715,20221125,15538395933,113,45%,208,1998,106,normal,531,2746,24 Peças Suporte A Vácuo Anti-Celulite Acupuntura Massagem Com Ventosa,False
1669395156,20221125,15538395933,112,46%,208,28,106,normal,531,2744,24 Peças Suporte A Vácuo Anti-Celulite Acupuntura Massagem Com Ventosa,False
1669393737,20221125,15538395933,112,46%,208,30,106,normal,531,2744,24 Peças Suporte A Vácuo Anti-Celulite Acupuntura Massagem Com Ventosa,False
1669369182,20221125,15538395933,113,45%,208,1999,106,normal,531,2743,24 Peças Suporte A Vácuo Anti-Celulite Acupuntura Massagem Com Ventosa,False
1669350506,20221125,15538395933,113,45%,208,2000,106,normal,531,2743,24 Peças Suporte A Vácuo Anti-Celulite Acupuntura Massagem Com Ventosa,False
1669003265,20221121,15538395933,118,43%,208,7501,113,normal,521,2711,24 Peças Suporte A Vácuo Anti-Celulite Acupuntura Massagem Com Ventosa,False
1669000617,20221121,15538395933,118,43%,208,7504,113,normal,521,2711,24 Peças Suporte A Vácuo Anti-Celulite Acupuntura Massagem Com Ventosa,False
1668994891,20221121,15538395933,113,45%,208,1980,113,normal,521,2711,24 Peças Suporte A Vácuo Anti-Celulite Acupuntura Massagem Com Ventosa,False
1668983976,20221120,15538395933,113,45%,208,1981,113,normal,521,2711,24 Peças Suporte A Vácuo Anti-Celulite Acupuntura Massagem Com Ventosa,False
1668975480,20221120,15538395933,113,45%,208,1981,113,normal,521,2710,24 Peças Suporte A Vácuo Anti-Celulite Acupuntura Massagem Com Ventosa,False
1668971620,20221120,15538395933,113,45%,208,1980,113,normal,521,2710,24 Peças Suporte A Vácuo Anti-Celulite Acupuntura Massagem Com Ventosa,False
1668947520,20221120,15538395933,113,45%,208,1980,121,normal,521,2710,24 Peças Suporte A Vácuo Anti-Celulite Acupuntura Massagem Com Ventosa,False
1668944209,20221120,15538395933,113,45%,208,1980,121,normal,521,2711,24 Peças Suporte A Vácuo Anti-Celulite Acupuntura Massagem Com Ventosa,False
1668939524,20221120,15538395933,113,45%,208,1980,121,normal,521,2710,24 Peças Suporte A Vácuo Anti-Celulite Acupuntura Massagem Com Ventosa,False
1668918613,20221120,15538395933,113,45%,208,1980,121,normal,521,2708,24 Peças Suporte A Vácuo Anti-Celulite Acupuntura Massagem Com Ventosa,False
1668908687,20221120,15538395933,113,45%,208,1980,121,normal,521,2707,24 Peças Suporte A Vácuo Anti-Celulite Acupuntura Massagem Com Ventosa,False
1668899849,20221119,15538395933,113,45%,208,1980,121,normal,521,2705,24 Peças Suporte A Vácuo Anti-Celulite Acupuntura Massagem Com Ventosa,False
1668892513,20221119,15538395933,113,45%,208,1980,121,normal,521,2704,24 Peças Suporte A Vácuo Anti-Celulite Acupuntura Massagem Com Ventosa,False
1668890349,20221119,15538395933,113,45%,208,1981,121,normal,521,2704,24 Peças Suporte A Vácuo Anti-Celulite Acupuntura Massagem Com Ventosa,False
1668889068,20221119,15538395933,113,45%,208,1981,121,normal,521,2703,24 Peças Suporte A Vácuo Anti-Celulite Acupuntura Massagem Com Ventosa,False
1668885220,20221119,15538395933,113,45%,208,1982,121,normal,521,2703,24 Peças Suporte A Vácuo Anti-Celulite Acupuntura Massagem Com Ventosa,False
1668882055,20221119,15538395933,113,45%,208,1982,123,normal,521,2704,24 Peças Suporte A Vácuo Anti-Celulite Acupuntura Massagem Com Ventosa,False
1668876656,20221119,15538395933,113,45%,208,1982,123,normal,521,2705,24 Peças Suporte A Vácuo Anti-Celulite Acupuntura Massagem Com Ventosa,False
1668875031,20221119,15538395933,113,45%,208,1982,123,normal,521,2704,24 Peças Suporte A Vácuo Anti-Celulite Acupuntura Massagem Com Ventosa,False
1668871055,20221119,15538395933,113,45%,208,1984,123,normal,521,2704,24 Peças Suporte A Vácuo Anti-Celulite Acupuntura Massagem Com Ventosa,False
1668868678,20221119,15538395933,113,45%,208,1984,123,normal,521,2705,24 Peças Suporte A Vácuo Anti-Celulite Acupuntura Massagem Com Ventosa,False
1668867309,20221119,15538395933,113,45%,208,1985,123,normal,521,2705,24 Peças Suporte A Vácuo Anti-Celulite Acupuntura Massagem Com Ventosa,False
1668865343,20221119,15538395933,113,45%,208,1987,123,normal,521,2705,24 Peças Suporte A Vácuo Anti-Celulite Acupuntura Massagem Com Ventosa,False
1668864375,20221119,15538395933,113,45%,208,1987,123,normal,521,2704,24 Peças Suporte A Vácuo Anti-Celulite Acupuntura Massagem Com Ventosa,False
1668861103,20221119,15538395933,113,45%,208,1987,123,normal,521,2703,24 Peças Suporte A Vácuo Anti-Celulite Acupuntura Massagem Com Ventosa,False
1668857812,20221119,15538395933,113,45%,208,1988,123,normal,521,2703,24 Peças Suporte A Vácuo Anti-Celulite Acupuntura Massagem Com Ventosa,False
1668854437,20221119,15538395933,113,45%,208,1988,123,normal,521,2702,24 Peças Suporte A Vácuo Anti-Celulite Acupuntura Massagem Com Ventosa,False
1668829885,20221119,15538395933,113,45%,208,1988,123,normal,521,2701,24 Peças Suporte A Vácuo Anti-Celulite Acupuntura Massagem Com Ventosa,False
1668825372,20221119,15538395933,113,45%,208,1989,123,normal,521,2701,24 Peças Suporte A Vácuo Anti-Celulite Acupuntura Massagem Com Ventosa,False
1668821997,20221119,15538395933,113,45%,208,1988,123,normal,521,2701,24 Peças Suporte A Vácuo Anti-Celulite Acupuntura Massagem Com Ventosa,False
1668813480,20221118,15538395933,113,45%,208,1988,123,normal,521,2700,24 Peças Suporte A Vácuo Anti-Celulite Acupuntura Massagem Com Ventosa,False
1668804006,20221118,15538395933,113,45%,208,1988,123,normal,521,2698,24 Peças Suporte A Vácuo Anti-Celulite Acupuntura Massagem Com Ventosa,False
1668800235,20221118,15538395933,113,45%,208,1988,123,normal,520,2698,24 Peças Suporte A Vácuo Anti-Celulite Acupuntura Massagem Com Ventosa,False
1668798876,20221118,15538395933,113,45%,208,1988,123,normal,520,2697,24 Peças Suporte A Vácuo Anti-Celulite Acupuntura Massagem Com Ventosa,False
1668790361,20221118,15538395933,113,45%,208,1988,126,normal,520,2697,24 Peças Suporte A Vácuo Anti-Celulite Acupuntura Massagem Com Ventosa,False
1668784711,20221118,15538395933,113,45%,208,1988,126,normal,519,2697,24 Peças Suporte A Vácuo Anti-Celulite Acupuntura Massagem Com Ventosa,False
1668778543,20221118,15538395933,113,45%,208,1988,126,normal,519,2696,24 Peças Suporte A Vácuo Anti-Celulite Acupuntura Massagem Com Ventosa,False
1668743729,20221118,15538395933,113,45%,208,1988,126,normal,519,2695,24 Peças Suporte A Vácuo Anti-Celulite Acupuntura Massagem Com Ventosa,False
1668741286,20221118,15538395933,113,45%,208,1988,126,normal,519,2694,24 Peças Suporte A Vácuo Anti-Celulite Acupuntura Massagem Com Ventosa,False
1668735872,20221118,15538395933,113,45%,208,1989,126,normal,519,2693,24 Peças Suporte A Vácuo Anti-Celulite Acupuntura Massagem Com Ventosa,False
1668727166,20221117,15538395933,111,46%,208,50,126,normal,519,2693,24 Peças Suporte A Vácuo Anti-Celulite Acupuntura Massagem Com Ventosa,False
1668713824,20221117,15538395933,113,45%,208,1989,126,normal,519,2693,24 Peças Suporte A Vácuo Anti-Celulite Acupuntura Massagem Com Ventosa,False
1668709303,20221117,15538395933,113,45%,208,1989,127,normal,519,2693,24 Peças Suporte A Vácuo Anti-Celulite Acupuntura Massagem Com Ventosa,False
1668705489,20221117,15538395933,113,45%,208,1990,127,normal,519,2693,24 Peças Suporte A Vácuo Anti-Celulite Acupuntura Massagem Com Ventosa,False
1668702348,20221117,15538395933,113,45%,208,1989,127,normal,519,2693,24 Peças Suporte A Vácuo Anti-Celulite Acupuntura Massagem Com Ventosa,False
1668698355,20221117,15538395933,113,45%,208,1989,127,normal,518,2693,24 Peças Suporte A Vácuo Anti-Celulite Acupuntura Massagem Com Ventosa,False
1668694597,20221117,15538395933,113,45%,208,1989,127,normal,518,2692,24 Peças Suporte A Vácuo Anti-Celulite Acupuntura Massagem Com Ventosa,False
1668692115,20221117,15538395933,111,46%,208,50,127,normal,518,2690,24 Peças Suporte A Vácuo Anti-Celulite Acupuntura Massagem Com Ventosa,False
1668658928,20221117,15538395933,113,45%,208,1989,127,normal,518,2690,24 Peças Suporte A Vácuo Anti-Celulite Acupuntura Massagem Com Ventosa,False
1668649240,20221117,15538395933,113,45%,208,1989,127,normal,518,2691,24 Peças Suporte A Vácuo Anti-Celulite Acupuntura Massagem Com Ventosa,False
1668641989,20221116,15538395933,113,45%,208,1989,127,normal,518,2691,24 Peças Suporte A Vácuo Anti-Celulite Acupuntura Massagem Com Ventosa,False
1668640688,20221116,15538395933,113,45%,208,1989,127,normal,517,2691,24 Peças Suporte A Vácuo Anti-Celulite Acupuntura Massagem Com Ventosa,False
1668637028,20221116,15538395933,113,45%,208,1989,127,normal,517,2690,24 Peças Suporte A Vácuo Anti-Celulite Acupuntura Massagem Com Ventosa,False
1668634682,20221116,15538395933,113,45%,208,1988,127,normal,517,2691,24 Peças Suporte A Vácuo Anti-Celulite Acupuntura Massagem Com Ventosa,False
1668633337,20221116,15538395933,113,45%,208,1987,127,normal,517,2691,24 Peças Suporte A Vácuo Anti-Celulite Acupuntura Massagem Com Ventosa,False
1668626076,20221116,15538395933,113,45%,208,1986,127,normal,517,2691,24 Peças Suporte A Vácuo Anti-Celulite Acupuntura Massagem Com Ventosa,False
1668622943,20221116,15538395933,113,45%,208,1986,122,normal,517,2691,24 Peças Suporte A Vácuo Anti-Celulite Acupuntura Massagem Com Ventosa,False
1668608178,20221116,15538395933,113,45%,208,1987,122,normal,517,2691,24 Peças Suporte A Vácuo Anti-Celulite Acupuntura Massagem Com Ventosa,False
1668605875,20221116,15538395933,113,45%,208,1989,122,normal,517,2691,24 Peças Suporte A Vácuo Anti-Celulite Acupuntura Massagem Com Ventosa,False
1668590270,20221116,15538395933,113,45%,208,1990,122,normal,517,2692,24 Peças Suporte A Vácuo Anti-Celulite Acupuntura Massagem Com Ventosa,False
1668573215,20221116,15538395933,112,46%,208,18,122,normal,517,2692,24 Peças Suporte A Vácuo Anti-Celulite Acupuntura Massagem Com Ventosa,False
1668571184,20221116,15538395933,112,46%,208,19,122,normal,517,2688,24 Peças Suporte A Vácuo Anti-Celulite Acupuntura Massagem Com Ventosa,False
1668568621,20221116,15538395933,112,46%,208,20,122,normal,517,2688,24 Peças Suporte A Vácuo Anti-Celulite Acupuntura Massagem Com Ventosa,False
1668562903,20221116,15538395933,113,45%,208,1990,122,normal,517,2684,24 Peças Suporte A Vácuo Anti-Celulite Acupuntura Massagem Com Ventosa,False
1668555608,20221115,15538395933,113,45%,208,1992,122,normal,517,2683,24 Peças Suporte A Vácuo Anti-Celulite Acupuntura Massagem Com Ventosa,False
1668550640,20221115,15538395933,113,45%,208,1993,122,normal,517,2683,24 Peças Suporte A Vácuo Anti-Celulite Acupuntura Massagem Com Ventosa,False
1668548288,20221115,15538395933,113,45%,208,1994,122,normal,517,2683,24 Peças Suporte A Vácuo Anti-Celulite Acupuntura Massagem Com Ventosa,False
1668546959,20221115,15538395933,113,45%,208,1995,122,normal,517,2683,24 Peças Suporte A Vácuo Anti-Celulite Acupuntura Massagem Com Ventosa,False
1668543567,20221115,15538395933,113,45%,208,1996,122,normal,517,2683,24 Peças Suporte A Vácuo Anti-Celulite Acupuntura Massagem Com Ventosa,False
1668541044,20221115,15538395933,113,45%,208,1996,122,normal,517,2682,24 Peças Suporte A Vácuo Anti-Celulite Acupuntura Massagem Com Ventosa,False
1668539647,20221115,15538395933,113,45%,208,1996,123,normal,517,2682,24 Peças Suporte A Vácuo Anti-Celulite Acupuntura Massagem Com Ventosa,False
1668537901,20221115,15538395933,113,45%,208,1996,123,normal,517,2681,24 Peças Suporte A Vácuo Anti-Celulite Acupuntura Massagem Com Ventosa,False
1668536556,20221115,15538395933,113,45%,208,1997,123,normal,517,2681,24 Peças Suporte A Vácuo Anti-Celulite Acupuntura Massagem Com Ventosa,False
1668532684,20221115,15538395933,113,45%,208,1997,123,normal,517,2680,24 Peças Suporte A Vácuo Anti-Celulite Acupuntura Massagem Com Ventosa,False
1668531315,20221115,15538395933,113,45%,208,1998,123,normal,517,2680,24 Peças Suporte A Vácuo Anti-Celulite Acupuntura Massagem Com Ventosa,False
1668521791,20221115,15538395933,113,45%,208,1999,123,normal,517,2680,24 Peças Suporte A Vácuo Anti-Celulite Acupuntura Massagem Com Ventosa,False
1668482115,20221115,15538395933,113,45%,208,1999,123,normal,517,2679,24 Peças Suporte A Vácuo Anti-Celulite Acupuntura Massagem Com Ventosa,False
1668476422,20221115,15538395933,113,45%,208,1999,123,normal,517,2678,24 Peças Suporte A Vácuo Anti-Celulite Acupuntura Massagem Com Ventosa,False
1668457210,20221114,15538395933,113,45%,208,1999,123,normal,517,2677,24 Peças Suporte A Vácuo Anti-Celulite Acupuntura Massagem Com Ventosa,False
1668453337,20221114,15538395933,113,45%,208,1999,128,normal,517,2677,24 Peças Suporte A Vácuo Anti-Celulite Acupuntura Massagem Com Ventosa,False
1668451668,20221114,15538395933,113,45%,208,1999,128,normal,516,2676,24 Peças Suporte A Vácuo Anti-Celulite Acupuntura Massagem Com Ventosa,False
1668440625,20221114,15538395933,113,45%,208,1999,128,normal,515,2676,24 Peças Suporte A Vácuo Anti-Celulite Acupuntura Massagem Com Ventosa,False
1668433735,20221114,15538395933,113,45%,208,1999,128,normal,514,2676,24 Peças Suporte A Vácuo Anti-Celulite Acupuntura Massagem Com Ventosa,False
1668424602,20221114,15538395933,113,45%,208,2000,128,normal,513,2675,24 Peças Suporte A Vácuo Anti-Celulite Acupuntura Massagem Com Ventosa,False
1668402052,20221114,15538395933,113,45%,208,2000,128,normal,513,2674,24 Peças Suporte A Vácuo Anti-Celulite Acupuntura Massagem Com Ventosa,False
1668396419,20221114,15538395933,113,45%,208,2000,128,normal,512,2674,24 Peças Suporte A Vácuo Anti-Celulite Acupuntura Massagem Com Ventosa,False
1668390176,20221114,15538395933,118,43%,208,7353,128,normal,512,2674,24 Peças Suporte A Vácuo Anti-Celulite Acupuntura Massagem Com Ventosa,False
1668381629,20221113,15538395933,118,43%,208,7353,128,normal,512,2674,24 Peças Suporte A Vácuo Anti-Celulite Acupuntura Massagem Com Ventosa,False
1668366888,20221113,15538395933,118,43%,208,7353,128,normal,511,2674,24 Peças Suporte A Vácuo Anti-Celulite Acupuntura Massagem Com Ventosa,False
1668363731,20221113,15538395933,118,43%,208,7353,133,normal,511,2673,24 Peças Suporte A Vácuo Anti-Celulite Acupuntura Massagem Com Ventosa,False
1668361259,20221113,15538395933,118,43%,208,7353,133,normal,511,2672,24 Peças Suporte A Vácuo Anti-Celulite Acupuntura Massagem Com Ventosa,False
1668358428,20221113,15538395933,118,43%,208,7354,133,normal,511,2671,24 Peças Suporte A Vácuo Anti-Celulite Acupuntura Massagem Com Ventosa,False
1668356724,20221113,15538395933,118,43%,208,7354,133,normal,511,2670,24 Peças Suporte A Vácuo Anti-Celulite Acupuntura Massagem Com Ventosa,False
1668354119,20221113,15538395933,118,43%,208,7354,133,normal,511,2669,24 Peças Suporte A Vácuo Anti-Celulite Acupuntura Massagem Com Ventosa,False
1668352748,20221113,15538395933,118,43%,208,7356,133,normal,511,2669,24 Peças Suporte A Vácuo Anti-Celulite Acupuntura Massagem Com Ventosa,False
1668336145,20221113,15538395933,118,43%,208,7356,133,normal,511,2668,24 Peças Suporte A Vácuo Anti-Celulite Acupuntura Massagem Com Ventosa,False
1668320580,20221113,15538395933,118,43%,208,7356,133,normal,511,2666,24 Peças Suporte A Vácuo Anti-Celulite Acupuntura Massagem Com Ventosa,False
1668315337,20221113,15538395933,118,43%,208,7355,133,normal,511,2665,24 Peças Suporte A Vácuo Anti-Celulite Acupuntura Massagem Com Ventosa,False
1668303745,20221113,15538395933,118,43%,208,7353,133,normal,511,2665,24 Peças Suporte A Vácuo Anti-Celulite Acupuntura Massagem Com Ventosa,False
1668296499,20221112,15538395933,118,43%,208,7355,133,normal,511,2664,24 Peças Suporte A Vácuo Anti-Celulite Acupuntura Massagem Com Ventosa,False
1668295141,20221112,15538395933,118,43%,208,7355,133,normal,511,2665,24 Peças Suporte A Vácuo Anti-Celulite Acupuntura Massagem Com Ventosa,False
1668292863,20221112,15538395933,112,46%,208,49,133,normal,511,2664,24 Peças Suporte A Vácuo Anti-Celulite Acupuntura Massagem Com Ventosa,False
1668291447,20221112,15538395933,112,46%,208,49,133,normal,511,2663,24 Peças Suporte A Vácuo Anti-Celulite Acupuntura Massagem Com Ventosa,False
1668287780,20221112,15538395933,112,46%,208,50,133,normal,511,2662,24 Peças Suporte A Vácuo Anti-Celulite Acupuntura Massagem Com Ventosa,False
