data/master.csv
time,date,itemid,price,discount,price_before_discount,stock,sold,item_status,cmt_count,liked_count,item_name,is_latest
1668284347,20221112,15538395933,118,43%,208,7305,133,normal,511,2661,24 Peças Suporte A Vácuo Anti-Celulite Acupuntura Massagem Com Ventosa,False
1668280479,20221112,15538395933,118,43%,208,7305,137,normal,511,2659,24 Peças Suporte A Vácuo Anti-Celulite Acupuntura Massagem Com Ventosa,False
1668277327,20221112,15538395933,112,46%,208,49,137,normal,511,2658,24 Peças Suporte A Vácuo Anti-Celulite Acupuntura Massagem Com Ventosa,False
1668274826,20221112,15538395933,112,46%,208,50,137,normal,511,2657,24 Peças Suporte A Vácuo Anti-Celulite Acupuntura Massagem Com Ventosa,False
1668273469,20221112,15538395933,112,46%,208,50,137,normal,511,2655,24 Peças Suporte A Vácuo Anti-Celulite Acupuntura Massagem Com Ventosa,False
1668270334,20221112,15538395933,118,43%,208,7255,137,normal,511,2655,24 Peças Suporte A Vácuo Anti-Celulite Acupuntura Massagem Com Ventosa,False
1668262566,20221112,15538395933,118,43%,208,7255,137,normal,511,2654,24 Peças Suporte A Vácuo Anti-Celulite Acupuntura Massagem Com Ventosa,False
1668260799,20221112,15538395933,118,43%,208,7254,137,normal,511,2653,24 Peças Suporte A Vácuo Anti-Celulite Acupuntura Massagem Com Ventosa,False
1668259756,20221112,15538395933,118,43%,208,7253,137,normal,511,2653,24 Peças Suporte A Vácuo Anti-Celulite Acupuntura Massagem Com Ventosa,False
1668244709,20221112,15538395933,118,43%,208,7251,137,normal,511,2653,24 Peças Suporte A Vácuo Anti-Celulite Acupuntura Massagem Com Ventosa,False
1668241408,20221112,15538395933,112,46%,208,46,137,normal,511,2652,24 Peças Suporte A Vácuo Anti-Celulite Acupuntura Massagem Com Ventosa,False
1668234184,20221112,15538395933,112,46%,208,46,137,normal,511,2650,24 Peças Suporte A Vácuo Anti-Celulite Acupuntura Massagem Com Ventosa,False
1668230262,20221112,15538395933,112,46%,208,47,137,normal,511,2650,24 Peças Suporte A Vácuo Anti-Celulite Acupuntura Massagem Com Ventosa,False
1668228834,20221112,15538395933,112,46%,208,47,137,normal,511,2649,24 Peças Suporte A Vácuo Anti-Celulite Acupuntura Massagem Com Ventosa,False
1668223420,20221112,15538395933,112,46%,208,49,137,normal,511,2649,24 Peças Suporte A Vácuo Anti-Celulite Acupuntura Massagem Com Ventosa,False
1668217416,20221112,15538395933,107,48%,208,1975,137,normal,511,2647,24 Peças Suporte A Vácuo Anti-Celulite Acupuntura Massagem Com Ventosa,False
1668210123,20221111,15538395933,109,47%,208,146,137,normal,511,2643,24 Peças Suporte A Vácuo Anti-Celulite Acupuntura Massagem Com Ventosa,False
1668208801,20221111,15538395933,109,47%,208,148,137,normal,511,2643,24 Peças Suporte A Vácuo Anti-Celulite Acupuntura Massagem Com Ventosa,False
1668206566,20221111,15538395933,107,48%,208,1978,137,normal,511,2642,24 Peças Suporte A Vácuo Anti-Celulite Acupuntura Massagem Com Ventosa,False
1668205163,20221111,15538395933,107,48%,208,1980,137,normal,511,2642,24 Peças Suporte A Vácuo Anti-Celulite Acupuntura Massagem Com Ventosa,False
1668201442,20221111,15538395933,109,47%,208,150,137,normal,511,2638,24 Peças Suporte A Vácuo Anti-Celulite Acupuntura Massagem Com Ventosa,False
1668199307,20221111,15538395933,107,48%,208,1981,137,normal,511,2637,24 Peças Suporte A Vácuo Anti-Celulite Acupuntura Massagem Com Ventosa,False
1668198002,20221111,15538395933,107,48%,208,1983,137,normal,511,2637,24 Peças Suporte A Vácuo Anti-Celulite Acupuntura Massagem Com Ventosa,False
1668195429,20221111,15538395933,107,48%,208,1984,137,normal,511,2637,24 Peças Suporte A Vácuo Anti-Celulite Acupuntura Massagem Com Ventosa,False
1668191114,20221111,15538395933,107,48%,208,1985,141,normal,511,2637,24 Peças Suporte A Vácuo Anti-Celulite Acupuntura Massagem Com Ventosa,False
1668188573,20221111,15538395933,109,47%,208,147,141,normal,511,2632,24 Peças Suporte A Vácuo Anti-Celulite Acupuntura Massagem Com Ventosa,False
1668187432,20221111,15538395933,109,47%,208,149,141,normal,511,2632,24 Peças Suporte A Vácuo Anti-Celulite Acupuntura Massagem Com Ventosa,False
1668185822,20221111,15538395933,107,48%,208,1986,141,normal,511,2627,24 Peças Suporte A Vácuo Anti-Celulite Acupuntura Massagem Com Ventosa,False
1668184014,20221111,15538395933,107,48%,208,1988,141,normal,511,2627,24 Peças Suporte A Vácuo Anti-Celulite Acupuntura Massagem Com Ventosa,False
1668181449,20221111,15538395933,107,48%,208,1990,141,normal,510,2627,24 Peças Suporte A Vácuo Anti-Celulite Acupuntura Massagem Com Ventosa,False
1668180040,20221111,15538395933,107,48%,208,1991,141,normal,510,2627,24 Peças Suporte A Vácuo Anti-Celulite Acupuntura Massagem Com Ventosa,False
1668176313,20221111,15538395933,107,48%,208,1991,141,normal,510,2626,24 Peças Suporte A Vácuo Anti-Celulite Acupuntura Massagem Com Ventosa,False
1668174154,20221111,15538395933,109,47%,208,147,141,normal,510,2624,24 Peças Suporte A Vácuo Anti-Celulite Acupuntura Massagem Com Ventosa,False
1668170478,20221111,15538395933,107,48%,208,1994,141,normal,510,2623,24 Peças Suporte A Vácuo Anti-Celulite Acupuntura Massagem Com Ventosa,False
1668165396,20221111,15538395933,107,48%,208,1996,141,normal,510,2623,24 Peças Suporte A Vácuo Anti-Celulite Acupuntura Massagem Com Ventosa,False
1668162133,20221111,15538395933,107,48%,208,1997,141,normal,510,2622,24 Peças Suporte A Vácuo Anti-Celulite Acupuntura Massagem Com Ventosa,False
1668156613,20221111,15538395933,107,48%,208,1997,141,normal,510,2620,24 Peças Suporte A Vácuo Anti-Celulite Acupuntura Massagem Com Ventosa,False
1668155223,20221111,15538395933,107,48%,208,1998,141,normal,510,2620,24 Peças Suporte A Vácuo Anti-Celulite Acupuntura Massagem Com Ventosa,False
1668149717,20221111,15538395933,107,48%,208,1999,141,normal,509,2620,24 Peças Suporte A Vácuo Anti-Celulite Acupuntura Massagem Com Ventosa,False
1668145390,20221111,15538395933,107,48%,208,1999,141,normal,509,2619,24 Peças Suporte A Vácuo Anti-Celulite Acupuntura Massagem Com Ventosa,False
1668144138,20221111,15538395933,107,48%,208,2000,141,normal,509,2619,24 Peças Suporte A Vácuo Anti-Celulite Acupuntura Massagem Com Ventosa,False
1668141412,20221111,15538395933,109,47%,208,149,141,normal,509,2616,24 Peças Suporte A Vácuo Anti-Celulite Acupuntura Massagem Com Ventosa,False
1668137650,20221111,15538395933,109,47%,208,148,141,normal,509,2614,24 Peças Suporte A Vácuo Anti-Celulite Acupuntura Massagem Com Ventosa,False
1668131247,20221111,15538395933,118,43%,208,6465,141,normal,509,2612,24 Peças Suporte A Vácuo Anti-Celulite Acupuntura Massagem Com Ventosa,False
1668122423,20221110,15538395933,118,43%,208,6466,141,normal,509,2611,24 Peças Suporte A Vácuo Anti-Celulite Acupuntura Massagem Com Ventosa,False
1668118729,20221110,15538395933,112,46%,208,46,141,normal,509,2611,24 Peças Suporte A Vácuo Anti-Celulite Acupuntura Massagem Com Ventosa,False
1668116444,20221110,15538395933,112,46%,208,49,141,normal,509,2608,24 Peças Suporte A Vácuo Anti-Celulite Acupuntura Massagem Com Ventosa,False
1668115106,20221110,15538395933,112,46%,208,50,141,normal,509,2608,24 Peças Suporte A Vácuo Anti-Celulite Acupuntura Massagem Com Ventosa,False
1668112950,20221110,15538395933,118,43%,208,6419,141,normal,509,2608,24 Peças Suporte A Vácuo Anti-Celulite Acupuntura Massagem Com Ventosa,False
1668111661,20221110,15538395933,118,43%,208,6420,141,normal,509,2608,24 Peças Suporte A Vácuo Anti-Celulite Acupuntura Massagem Com Ventosa,False
1668104621,20221110,15538395933,118,43%,208,6420,148,normal,508,2608,24 Peças Suporte A Vácuo Anti-Celulite Acupuntura Massagem Com Ventosa,False
1668102245,20221110,15538395933,118,43%,208,6421,148,normal,508,2609,24 Peças Suporte A Vácuo Anti-Celulite Acupuntura Massagem Com Ventosa,False
1668101177,20221110,15538395933,118,43%,208,6420,148,normal,508,2609,24 Peças Suporte A Vácuo Anti-Celulite Acupuntura Massagem Com Ventosa,False
1668090751,20221110,15538395933,118,43%,208,6420,148,normal,508,2610,24 Peças Suporte A Vácuo Anti-Celulite Acupuntura Massagem Com Ventosa,False
1668075657,20221110,15538395933,118,43%,208,6421,148,normal,508,2610,24 Peças Suporte A Vácuo Anti-Celulite Acupuntura Massagem Com Ventosa,False
1668071982,20221110,15538395933,118,43%,208,6420,148,normal,508,2610,24 Peças Suporte A Vácuo Anti-Celulite Acupuntura Massagem Com Ventosa,False
1668061460,20221110,15538395933,118,43%,208,6420,148,normal,508,2609,24 Peças Suporte A Vácuo Anti-Celulite Acupuntura Massagem Com Ventosa,False
1668053503,20221110,15538395933,118,43%,208,6420,148,normal,508,2608,24 Peças Suporte A Vácuo Anti-Celulite Acupuntura Massagem Com Ventosa,False
1668050823,20221110,15538395933,113,45%,208,1983,148,normal,508,2608,24 Peças Suporte A Vácuo Anti-Celulite Acupuntura Massagem Com Ventosa,False
1668044851,20221110,15538395933,113,45%,208,1982,148,normal,507,2608,24 Peças Suporte A Vácuo Anti-Celulite Acupuntura Massagem Com Ventosa,False
1668037440,20221109,15538395933,113,45%,208,1982,148,normal,507,2608,24 Peças Suporte A Vácuo Anti-Celulite Acupuntura Massagem Com Ventosa,False
1668036153,20221109,15538395933,113,45%,208,1982,148,normal,507,2607,24 Peças Suporte A Vácuo Anti-Celulite Acupuntura Massagem Com Ventosa,False
1668032309,20221109,15538395933,113,45%,208,1983,148,normal,507,2607,24 Peças Suporte A Vácuo Anti-Celulite Acupuntura Massagem Com Ventosa,False
1668028790,20221109,15538395933,113,45%,208,1984,148,normal,507,2607,24 Peças Suporte A Vácuo Anti-Celulite Acupuntura Massagem Com Ventosa,False
